Archive member included to satisfy reference by file (symbol)

C:/ST/STM32CubeIDE_1.19.0/STM32CubeIDE/plugins/com.st.stm32cube.ide.mcu.externaltools.gnu-tools-for-stm32.13.3.rel1.win32_1.0.0.202411081344/tools/bin/../lib/gcc/arm-none-eabi/13.3.1/../../../../arm-none-eabi/lib/thumb/v7e-m+fp/hard\libc_nano.a(libc_a-atoi.o)
                              ./Core/Src/freertos.o (atoi)
C:/ST/STM32CubeIDE_1.19.0/STM32CubeIDE/plugins/com.st.stm32cube.ide.mcu.externaltools.gnu-tools-for-stm32.13.3.rel1.win32_1.0.0.202411081344/tools/bin/../lib/gcc/arm-none-eabi/13.3.1/../../../../arm-none-eabi/lib/thumb/v7e-m+fp/hard\libc_nano.a(libc_a-exit.o)
                              C:/ST/STM32CubeIDE_1.19.0/STM32CubeIDE/plugins/com.st.stm32cube.ide.mcu.externaltools.gnu-tools-for-stm32.13.3.rel1.win32_1.0.0.202411081344/tools/bin/../lib/gcc/arm-none-eabi/13.3.1/../../../../arm-none-eabi/lib/thumb/v7e-m+fp/hard/crt0.o (exit)
C:/ST/STM32CubeIDE_1.19.0/STM32CubeIDE/plugins/com.st.stm32cube.ide.mcu.externaltools.gnu-tools-for-stm32.13.3.rel1.win32_1.0.0.202411081344/tools/bin/../lib/gcc/arm-none-eabi/13.3.1/../../../../arm-none-eabi/lib/thumb/v7e-m+fp/hard\libc_nano.a(libc_a-rand.o)
                              ./Core/Src/freertos.o (srand)
C:/ST/STM32CubeIDE_1.19.0/STM32CubeIDE/plugins/com.st.stm32cube.ide.mcu.externaltools.gnu-tools-for-stm32.13.3.rel1.win32_1.0.0.202411081344/tools/bin/../lib/gcc/arm-none-eabi/13.3.1/../../../../arm-none-eabi/lib/thumb/v7e-m+fp/hard\libc_nano.a(libc_a-strtol.o)
                              C:/ST/STM32CubeIDE_1.19.0/STM32CubeIDE/plugins/com.st.stm32cube.ide.mcu.externaltools.gnu-tools-for-stm32.13.3.rel1.win32_1.0.0.202411081344/tools/bin/../lib/gcc/arm-none-eabi/13.3.1/../../../../arm-none-eabi/lib/thumb/v7e-m+fp/hard\libc_nano.a(libc_a-atoi.o) (_strtol_r)
C:/ST/STM32CubeIDE_1.19.0/STM32CubeIDE/plugins/com.st.stm32cube.ide.mcu.externaltools.gnu-tools-for-stm32.13.3.rel1.win32_1.0.0.202411081344/tools/bin/../lib/gcc/arm-none-eabi/13.3.1/../../../../arm-none-eabi/lib/thumb/v7e-m+fp/hard\libc_nano.a(libc_a-ctype_.o)
                              C:/ST/STM32CubeIDE_1.19.0/STM32CubeIDE/plugins/com.st.stm32cube.ide.mcu.externaltools.gnu-tools-for-stm32.13.3.rel1.win32_1.0.0.202411081344/tools/bin/../lib/gcc/arm-none-eabi/13.3.1/../../../../arm-none-eabi/lib/thumb/v7e-m+fp/hard\libc_nano.a(libc_a-strtol.o) (_ctype_)
C:/ST/STM32CubeIDE_1.19.0/STM32CubeIDE/plugins/com.st.stm32cube.ide.mcu.externaltools.gnu-tools-for-stm32.13.3.rel1.win32_1.0.0.202411081344/tools/bin/../lib/gcc/arm-none-eabi/13.3.1/../../../../arm-none-eabi/lib/thumb/v7e-m+fp/hard\libc_nano.a(libc_a-findfp.o)
                              C:/ST/STM32CubeIDE_1.19.0/STM32CubeIDE/plugins/com.st.stm32cube.ide.mcu.externaltools.gnu-tools-for-stm32.13.3.rel1.win32_1.0.0.202411081344/tools/bin/../lib/gcc/arm-none-eabi/13.3.1/../../../../arm-none-eabi/lib/thumb/v7e-m+fp/hard\libc_nano.a(libc_a-exit.o) (__stdio_exit_handler)
C:/ST/STM32CubeIDE_1.19.0/STM32CubeIDE/plugins/com.st.stm32cube.ide.mcu.externaltools.gnu-tools-for-stm32.13.3.rel1.win32_1.0.0.202411081344/tools/bin/../lib/gcc/arm-none-eabi/13.3.1/../../../../arm-none-eabi/lib/thumb/v7e-m+fp/hard\libc_nano.a(libc_a-fwalk.o)
                              C:/ST/STM32CubeIDE_1.19.0/STM32CubeIDE/plugins/com.st.stm32cube.ide.mcu.externaltools.gnu-tools-for-stm32.13.3.rel1.win32_1.0.0.202411081344/tools/bin/../lib/gcc/arm-none-eabi/13.3.1/../../../../arm-none-eabi/lib/thumb/v7e-m+fp/hard\libc_nano.a(libc_a-findfp.o) (_fwalk_sglue)
C:/ST/STM32CubeIDE_1.19.0/STM32CubeIDE/plugins/com.st.stm32cube.ide.mcu.externaltools.gnu-tools-for-stm32.13.3.rel1.win32_1.0.0.202411081344/tools/bin/../lib/gcc/arm-none-eabi/13.3.1/../../../../arm-none-eabi/lib/thumb/v7e-m+fp/hard\libc_nano.a(libc_a-printf.o)
                              ./Core/Src/freertos.o (printf)
C:/ST/STM32CubeIDE_1.19.0/STM32CubeIDE/plugins/com.st.stm32cube.ide.mcu.externaltools.gnu-tools-for-stm32.13.3.rel1.win32_1.0.0.202411081344/tools/bin/../lib/gcc/arm-none-eabi/13.3.1/../../../../arm-none-eabi/lib/thumb/v7e-m+fp/hard\libc_nano.a(libc_a-puts.o)
                              ./Core/Src/freertos.o (puts)
C:/ST/STM32CubeIDE_1.19.0/STM32CubeIDE/plugins/com.st.stm32cube.ide.mcu.externaltools.gnu-tools-for-stm32.13.3.rel1.win32_1.0.0.202411081344/tools/bin/../lib/gcc/arm-none-eabi/13.3.1/../../../../arm-none-eabi/lib/thumb/v7e-m+fp/hard\libc_nano.a(libc_a-snprintf.o)
                              ./Core/Src/freertos.o (snprintf)
C:/ST/STM32CubeIDE_1.19.0/STM32CubeIDE/plugins/com.st.stm32cube.ide.mcu.externaltools.gnu-tools-for-stm32.13.3.rel1.win32_1.0.0.202411081344/tools/bin/../lib/gcc/arm-none-eabi/13.3.1/../../../../arm-none-eabi/lib/thumb/v7e-m+fp/hard\libc_nano.a(libc_a-stdio.o)
[...]
Memory Configuration

Name             Origin             Length             Attributes
RAM              0x20000000         0x00020000         xrw
FLASH            0x08000000         0x00080000         xr
*default*        0x00000000         0xffffffff

Linker script and memory map

LOAD C:/ST/STM32CubeIDE_1.19.0/STM32CubeIDE/plugins/com.st.stm32cube.ide.mcu.externaltools.gnu-tools-for-stm32.13.3.rel1.win32_1.0.0.202411081344/tools/bin/../lib/gcc/arm-none-eabi/13.3.1/thumb/v7e-m+fp/hard/crti.o
LOAD C:/ST/STM32CubeIDE_1.19.0/STM32CubeIDE/plugins/com.st.stm32cube.ide.mcu.externaltools.gnu-tools-for-stm32.13.3.rel1.win32_1.0.0.202411081344/tools/bin/../lib/gcc/arm-none-eabi/13.3.1/thumb/v7e-m+fp/hard/crtbegin.o
LOAD C:/ST/STM32CubeIDE_1.19.0/STM32CubeIDE/plugins/com.st.stm32cube.ide.mcu.externaltools.gnu-tools-for-stm32.13.3.rel1.win32_1.0.0.202411081344/tools/bin/../lib/gcc/arm-none-eabi/13.3.1/../../../../arm-none-eabi/lib/thumb/v7e-m+fp/hard/crt0.o
LOAD ./Core/Src/freertos.o
LOAD ./Core/Src/gpio.o
LOAD ./Core/Src/main.o
LOAD ./Core/Src/stm32f4xx_hal_msp.o
LOAD ./Core/Src/stm32f4xx_it.o
LOAD ./Core/Src/syscalls.o
LOAD ./Core/Src/sysmem.o
LOAD ./Core/Src/system_stm32f4xx.o
LOAD ./Core/Src/usart.o
LOAD ./Core/Startup/startup_stm32f446retx.o
LOAD ./Drivers/STM32F4xx_HAL_Driver/Src/stm32f4xx_hal.o
LOAD ./Drivers/STM32F4xx_HAL_Driver/Src/stm32f4xx_hal_cortex.o
LOAD ./Drivers/STM32F4xx_HAL_Driver/Src/stm32f4xx_hal_dma.o
LOAD ./Drivers/STM32F4xx_HAL_Driver/Src/stm32f4xx_hal_dma_ex.o
LOAD ./Drivers/STM32F4xx_HAL_Driver/Src/stm32f4xx_hal_exti.o
LOAD ./Drivers/STM32F4xx_HAL_Driver/Src/stm32f4xx_hal_flash.o
LOAD ./Drivers/STM32F4xx_HAL_Driver/Src/stm32f4xx_hal_flash_ex.o
LOAD ./Drivers/STM32F4xx_HAL_Driver/Src/stm32f4xx_hal_flash_ramfunc.o
LOAD ./Drivers/STM32F4xx_HAL_Driver/Src/stm32f4xx_hal_gpio.o
LOAD ./Drivers/STM32F4xx_HAL_Driver/Src/stm32f4xx_hal_pwr.o
LOAD ./Drivers/STM32F4xx_HAL_Driver/Src/stm32f4xx_hal_pwr_ex.o
LOAD ./Drivers/STM32F4xx_HAL_Driver/Src/stm32f4xx_hal_rcc.o
LOAD ./Drivers/STM32F4xx_HAL_Driver/Src/stm32f4xx_hal_rcc_ex.o
LOAD ./Drivers/STM32F4xx_HAL_Driver/Src/stm32f4xx_hal_uart.o
LOAD ./Middlewares/Third_Party/FreeRTOS/Source/CMSIS_RTOS_V2/cmsis_os2.o
LOAD ./Middlewares/Third_Party/FreeRTOS/Source/croutine.o
LOAD ./Middlewares/Third_Party/FreeRTOS/Source/event_groups.o
LOAD ./Middlewares/Third_Party/FreeRTOS/Source/list.o
LOAD ./Middlewares/Third_Party/FreeRTOS/Source/queue.o
LOAD ./Middlewares/Third_Party/FreeRTOS/Source/stream_buffer.o
LOAD ./Middlewares/Third_Party/FreeRTOS/Source/tasks.o
LOAD ./Middlewares/Third_Party/FreeRTOS/Source/timers.o
LOAD ./Middlewares/Third_Party/FreeRTOS/Source/portable/GCC/ARM_CM4F/port.o
LOAD ./Middlewares/Third_Party/FreeRTOS/Source/portable/MemMang/heap_4.o
START GROUP
LOAD C:/ST/STM32CubeIDE_1.19.0/STM32CubeIDE/plugins/com.st.stm32cube.ide.mcu.externaltools.gnu-tools-for-stm32.13.3.rel1.win32_1.0.0.202411081344/tools/bin/../lib/gcc/arm-none-eabi/13.3.1/../../../../arm-none-eabi/lib/thumb/v7e-m+fp/hard\libstdc++_nano.a
LOAD C:/ST/STM32CubeIDE_1.19.0/STM32CubeIDE/plugins/com.st.stm32cube.ide.mcu.externaltools.gnu-tools-for-stm32.13.3.rel1.win32_1.0.0.202411081344/tools/bin/../lib/gcc/arm-none-eabi/13.3.1/../../../../arm-none-eabi/lib/thumb/v7e-m+fp/hard\libsupc++_nano.a
END GROUP
LOAD C:/ST/STM32CubeIDE_1.19.0/STM32CubeIDE/plugins/com.st.stm32cube.ide.mcu.externaltools.gnu-tools-for-stm32.13.3.rel1.win32_1.0.0.202411081344/tools/bin/../lib/gcc/arm-none-eabi/13.3.1/../../../../arm-none-eabi/lib/thumb/v7e-m+fp/hard\libstdc++_nano.a
LOAD C:/ST/STM32CubeIDE_1.19.0/STM32CubeIDE/plugins/com.st.stm32cube.ide.mcu.externaltools.gnu-tools-for-stm32.13.3.rel1.win32_1.0.0.202411081344/tools/bin/../lib/gcc/arm-none-eabi/13.3.1/../../../../arm-none-eabi/lib/thumb/v7e-m+fp/hard\libm.a
LOAD C:/ST/STM32CubeIDE_1.19.0/STM32CubeIDE/plugins/com.st.stm32cube.ide.mcu.externaltools.gnu-tools-for-stm32.13.3.rel1.win32_1.0.0.202411081344/tools/bin/../lib/gcc/arm-none-eabi/13.3.1/../../../../arm-none-eabi/lib/thumb/v7e-m+fp/hard\libc_nano.a
START GROUP
LOAD C:/ST/STM32CubeIDE_1.19.0/STM32CubeIDE/plugins/com.st.stm32cube.ide.mcu.externaltools.gnu-tools-for-stm32.13.3.rel1.win32_1.0.0.202411081344/tools/bin/../lib/gcc/arm-none-eabi/13.3.1/thumb/v7e-m+fp/hard\libgcc.a
LOAD C:/ST/STM32CubeIDE_1.19.0/STM32CubeIDE/plugins/com.st.stm32cube.ide.mcu.externaltools.gnu-tools-for-stm32.13.3.rel1.win32_1.0.0.202411081344/tools/bin/../lib/gcc/arm-none-eabi/13.3.1/../../../../arm-none-eabi/lib/thumb/v7e-m+fp/hard\libc_nano.a
END GROUP
START GROUP
LOAD C:/ST/STM32CubeIDE_1.19.0/STM32CubeIDE/plugins/com.st.stm32cube.ide.mcu.externaltools.gnu-tools-for-stm32.13.3.rel1.win32_1.0.0.202411081344/tools/bin/../lib/gcc/arm-none-eabi/13.3.1/thumb/v7e-m+fp/hard\libgcc.a
LOAD C:/ST/STM32CubeIDE_1.19.0/STM32CubeIDE/plugins/com.st.stm32cube.ide.mcu.externaltools.gnu-tools-for-stm32.13.3.rel1.win32_1.0.0.202411081344/tools/bin/../lib/gcc/arm-none-eabi/13.3.1/../../../../arm-none-eabi/lib/thumb/v7e-m+fp/hard\libc_nano.a
LOAD C:/ST/STM32CubeIDE_1.19.0/STM32CubeIDE/plugins/com.st.stm32cube.ide.mcu.externaltools.gnu-tools-for-stm32.13.3.rel1.win32_1.0.0.202411081344/tools/bin/../lib/gcc/arm-none-eabi/13.3.1/../../../../arm-none-eabi/lib/thumb/v7e-m+fp/hard\libnosys.a
END GROUP
START GROUP
LOAD C:/ST/STM32CubeIDE_1.19.0/STM32CubeIDE/plugins/com.st.stm32cube.ide.mcu.externaltools.gnu-tools-for-stm32.13.3.rel1.win32_1.0.0.202411081344/tools/bin/../lib/gcc/arm-none-eabi/13.3.1/thumb/v7e-m+fp/hard\libgcc.a
LOAD C:/ST/STM32CubeIDE_1.19.0/STM32CubeIDE/plugins/com.st.stm32cube.ide.mcu.externaltools.gnu-tools-for-stm32.13.3.rel1.win32_1.0.0.202411081344/tools/bin/../lib/gcc/arm-none-eabi/13.3.1/../../../../arm-none-eabi/lib/thumb/v7e-m+fp/hard\libc_nano.a
LOAD C:/ST/STM32CubeIDE_1.19.0/STM32CubeIDE/plugins/com.st.stm32cube.ide.mcu.externaltools.gnu-tools-for-stm32.13.3.rel1.win32_1.0.0.202411081344/tools/bin/../lib/gcc/arm-none-eabi/13.3.1/../../../../arm-none-eabi/lib/thumb/v7e-m+fp/hard\libnosys.a
END GROUP
LOAD C:/ST/STM32CubeIDE_1.19.0/STM32CubeIDE/plugins/com.st.stm32cube.ide.mcu.externaltools.gnu-tools-for-stm32.13.3.rel1.win32_1.0.0.202411081344/tools/bin/../lib/gcc/arm-none-eabi/13.3.1/thumb/v7e-m+fp/hard/crtend.o
LOAD C:/ST/STM32CubeIDE_1.19.0/STM32CubeIDE/plugins/com.st.stm32cube.ide.mcu.externaltools.gnu-tools-for-stm32.13.3.rel1.win32_1.0.0.202411081344/tools/bin/../lib/gcc/arm-none-eabi/13.3.1/thumb/v7e-m+fp/hard/crtn.o
                0x20020000                        _estack = (ORIGIN (RAM) + LENGTH (RAM))
                0x00000200                        _Min_Heap_Size = 0x200
                0x00000400                        _Min_Stack_Size = 0x400

.isr_vector     0x08000000      0x1c4
                0x08000000                        . = ALIGN (0x4)
 *(.isr_vector)
 .isr_vector    0x08000000      0x1c4 ./Core/Startup/startup_stm32f446retx.o
                0x08000000                g_pfnVectors
                0x080001c4                        . = ALIGN (0x4)

.text           0x080001d0     0xdd08
                0x080001d0                        . = ALIGN (0x4)
 *(.text)
 .text          0x080001d0       0x40 C:/ST/STM32CubeIDE_1.19.0/STM32CubeIDE/plugins/com.st.stm32cube.ide.mcu.externaltools.gnu-tools-for-stm32.13.3.rel1.win32_1.0.0.202411081344/tools/bin/../lib/gcc/arm-none-eabi/13.3.1/thumb/v7e-m+fp/hard/crtbegin.o
 .text          0x08000210       0x14 C:/ST/STM32CubeIDE_1.19.0/STM32CubeIDE/plugins/com.st.stm32cube.ide.mcu.externaltools.gnu-tools-for-stm32.13.3.rel1.win32_1.0.0.202411081344/tools/bin/../lib/gcc/arm-none-eabi/13.3.1/../../../../arm-none-eabi/lib/thumb/v7e-m+fp/hard\libc_nano.a(libc_a-strcmp.o)
                0x08000210                strcmp
 .text          0x08000224       0x10 C:/ST/STM32CubeIDE_1.19.0/STM32CubeIDE/plugins/com.st.stm32cube.ide.mcu.externaltools.gnu-tools-for-stm32.13.3.rel1.win32_1.0.0.202411081344/tools/bin/../lib/gcc/arm-none-eabi/13.3.1/../../../../arm-none-eabi/lib/thumb/v7e-m+fp/hard\libc_nano.a(libc_a-strlen.o)
                0x08000224                strlen
 *fill*         0x08000234        0xc 
 .text          0x08000240       0xa0 C:/ST/STM32CubeIDE_1.19.0/STM32CubeIDE/plugins/com.st.stm32cube.ide.mcu.externaltools.gnu-tools-for-stm32.13.3.rel1.win32_1.0.0.202411081344/tools/bin/../lib/gcc/arm-none-eabi/13.3.1/../../../../arm-none-eabi/lib/thumb/v7e-m+fp/hard\libc_nano.a(libc_a-memchr.o)
                0x08000240                memchr
 .text          0x080002e0       0x30 C:/ST/STM32CubeIDE_1.19.0/STM32CubeIDE/plugins/com.st.stm32cube.ide.mcu.externaltools.gnu-tools-for-stm32.13.3.rel1.win32_1.0.0.202411081344/tools/bin/../lib/gcc/arm-none-eabi/13.3.1/thumb/v7e-m+fp/hard\libgcc.a(_aeabi_uldivmod.o)
                0x080002e0                __aeabi_uldivmod
 .text          0x08000310      0x2f8 C:/ST/STM32CubeIDE_1.19.0/STM32CubeIDE/plugins/com.st.stm32cube.ide.mcu.externaltools.gnu-tools-for-stm32.13.3.rel1.win32_1.0.0.202411081344/tools/bin/../lib/gcc/arm-none-eabi/13.3.1/thumb/v7e-m+fp/hard\libgcc.a(_udivmoddi4.o)
                0x08000310                __udivmoddi4
 .text          0x08000608        0x4 C:/ST/STM32CubeIDE_1.19.0/STM32CubeIDE/plugins/com.st.stm32cube.ide.mcu.externaltools.gnu-tools-for-stm32.13.3.rel1.win32_1.0.0.202411081344/tools/bin/../lib/gcc/arm-none-eabi/13.3.1/thumb/v7e-m+fp/hard\libgcc.a(_dvmd_tls.o)
                0x08000608                __aeabi_idiv0
                0x08000608                __aeabi_ldiv0
 *(.text*)
 .text.convertirUnificadoAAvCa
                0x0800060c       0x38 ./Core/Src/freertos.o
                0x0800060c                convertirUnificadoAAvCa
 .text.floatToStr
                0x08000644       0x6c ./Core/Src/freertos.o
                0x08000644                floatToStr
 .text.calcularDistancia
                0x080006b0       0x3a ./Core/Src/freertos.o
                0x080006b0                calcularDistancia
 *fill*         0x080006ea        0x2 
 .text.buscarPedido
                0x080006ec       0x6c ./Core/Src/freertos.o
                0x080006ec                buscarPedido
 .text.getPuntoAccesoRestaurante
                0x08000758       0xd8 ./Core/Src/freertos.o
                0x08000758                getPuntoAccesoRestaurante
 .text.getPuntoAccesoCasa
                0x08000830       0xdc ./Core/Src/freertos.o
                0x08000830                getPuntoAccesoCasa
 .text.obtenerDestinoActual
                0x0800090c       0x88 ./Core/Src/freertos.o
                0x0800090c                obtenerDestinoActual
 .text.calcularDesvioRuta
                0x08000994       0xd0 ./Core/Src/freertos.o
                0x08000994                calcularDesvioRuta
 .text.calcularScoreCompleto
                0x08000a64      0x138 ./Core/Src/freertos.o
                0x08000a64                calcularScoreCompleto
 .text.verificarConfirmacion
                0x08000b9c       0xd4 ./Core/Src/freertos.o
                0x08000b9c                verificarConfirmacion
 .text.heuristica
                0x08000c70       0x3a ./Core/Src/freertos.o
                0x08000c70                heuristica
 *fill*         0x08000caa        0x2 
 .text.calcularSiguientePasoAStar
                0x08000cac      0xa2c ./Core/Src/freertos.o
                0x08000cac                calcularSiguientePasoAStar
 .text.crearMapaUnificado
                0x080016d8      0x138 ./Core/Src/freertos.o
                0x080016d8                crearMapaUnificado
 .text.actualizarPosicionesAlMapaUnificado
                0x08001810      0x184 ./Core/Src/freertos.o
                0x08001810                actualizarPosicionesAlMapaUnificado
 .text.limpiarSistemaCompleto
                0x08001994      0x278 ./Core/Src/freertos.o
                0x08001994                limpiarSistemaCompleto
 .text.regenerarMapa
                0x08001c0c      0x1dc ./Core/Src/freertos.o
                0x08001c0c                regenerarMapa
 .text.inicializarSistema
                0x08001de8      0x7e0 ./Core/Src/freertos.o
                0x08001de8                inicializarSistema
 .text.enviarMapaCompleto
                0x080025c8      0x26c ./Core/Src/freertos.o
                0x080025c8                enviarMapaCompleto
 .text.enviarMapaCombinado
                0x08002834       0xdc ./Core/Src/freertos.o
                0x08002834                enviarMapaCombinado
 .text.enviarEventoPedido
                0x08002910      0x1b4 ./Core/Src/freertos.o
                0x08002910                enviarEventoPedido
 .text.enviarMetricasPedido
                0x08002ac4      0x454 ./Core/Src/freertos.o
                0x08002ac4                enviarMetricasPedido
 .text.enviarEstadisticas
                0x08002f18      0x124 ./Core/Src/freertos.o
                0x08002f18                enviarEstadisticas
 .text.quickSort
                0x0800303c       0xe0 ./Core/Src/freertos.o
                0x0800303c                quickSort
 .text.calcularPercentil
                0x0800311c       0x94 ./Core/Src/freertos.o
                0x0800311c                calcularPercentil
 .text.calcularMetricasGlobales
                0x080031b0      0x2ac ./Core/Src/freertos.o
                0x080031b0                calcularMetricasGlobales
 .text.moverRepartidor
                0x0800345c      0x534 ./Core/Src/freertos.o
                0x0800345c                moverRepartidor
 .text.asignarPedidoARepartidor
                0x08003990      0xb6c ./Core/Src/freertos.o
                0x08003990                asignarPedidoARepartidor
 .text.procesarPedidosRestaurante
                0x080044fc      0x250 ./Core/Src/freertos.o
                0x080044fc                procesarPedidosRestaurante
 .text.crearPedidoAleatorio
                0x0800474c      0x338 ./Core/Src/freertos.o
                0x0800474c                crearPedidoAleatorio
 .text.solicitarPedidoAutomaticoAWeb
                0x08004a84      0x114 ./Core/Src/freertos.o
                0x08004a84                solicitarPedidoAutomaticoAWeb
 .text.MX_FREERTOS_Init
                0x08004b98      0x29c ./Core/Src/freertos.o
                0x08004b98                MX_FREERTOS_Init
 .text.StartTaskAsignador
                0x08004e34       0xb4 ./Core/Src/freertos.o
                0x08004e34                StartTaskAsignador
 .text.StartTaskRestaurantes
                0x08004ee8      0x33c ./Core/Src/freertos.o
                0x08004ee8                StartTaskRestaurantes
 .text.StartTaskTx
                0x08005224      0x100 ./Core/Src/freertos.o
                0x08005224                StartTaskTx
 .text.enviarMetricasGlobales
                0x08005324      0x1d4 ./Core/Src/freertos.o
                0x08005324                enviarMetricasGlobales
 .text.cancelarPedido
                0x080054f8      0x5ac ./Core/Src/freertos.o
                0x080054f8                cancelarPedido
 .text.procesarCancelacionWeb
                0x08005aa4       0x30 ./Core/Src/freertos.o
                0x08005aa4                procesarCancelacionWeb
 .text.StartTaskRx
                0x08005ad4      0x9e0 ./Core/Src/freertos.o
                0x08005ad4                StartTaskRx
 .text.StartTaskRepartidores
                0x080064b4      0x2d0 ./Core/Src/freertos.o
                0x080064b4                StartTaskRepartidores
 .text.HAL_UART_RxCpltCallback
                0x08006784       0x64 ./Core/Src/freertos.o
                0x08006784                HAL_UART_RxCpltCallback
 .text.EXTI15_10_IRQHandler
                0x080067e8       0x7c ./Core/Src/freertos.o
                0x080067e8                EXTI15_10_IRQHandler
 .text.MX_GPIO_Init
                0x08006864      0x118 ./Core/Src/gpio.o
                0x08006864                MX_GPIO_Init
 .text.main     0x0800697c       0x24 ./Core/Src/main.o
                0x0800697c                main
 .text.SystemClock_Config
                0x080069a0       0xdc ./Core/Src/main.o
                0x080069a0                SystemClock_Config
 .text.Error_Handler
                0x08006a7c        0xc ./Core/Src/main.o
                0x08006a7c                Error_Handler
 .text.HAL_MspInit
                0x08006a88       0x50 ./Core/Src/stm32f4xx_hal_msp.o
                0x08006a88                HAL_MspInit
 .text.NMI_Handler
                0x08006ad8        0x8 ./Core/Src/stm32f4xx_it.o
                0x08006ad8                NMI_Handler
 .text.HardFault_Handler
                0x08006ae0        0x8 ./Core/Src/stm32f4xx_it.o
                0x08006ae0                HardFault_Handler
 .text.MemManage_Handler
                0x08006ae8        0x8 ./Core/Src/stm32f4xx_it.o
                0x08006ae8                MemManage_Handler
 .text.BusFault_Handler
                0x08006af0        0x8 ./Core/Src/stm32f4xx_it.o
                0x08006af0                BusFault_Handler
 .text.UsageFault_Handler
                0x08006af8        0x8 ./Core/Src/stm32f4xx_it.o
                0x08006af8                UsageFault_Handler
 .text.DebugMon_Handler
                0x08006b00        0xe ./Core/Src/stm32f4xx_it.o
                0x08006b00                DebugMon_Handler
 .text.SysTick_Handler
                0x08006b0e       0x1a ./Core/Src/stm32f4xx_it.o
                0x08006b0e                SysTick_Handler
 .text.USART2_IRQHandler
                0x08006b28       0x14 ./Core/Src/stm32f4xx_it.o
                0x08006b28                USART2_IRQHandler
 .text._getpid  0x08006b3c       0x10 ./Core/Src/syscalls.o
                0x08006b3c                _getpid
 .text._kill    0x08006b4c       0x20 ./Core/Src/syscalls.o
                0x08006b4c                _kill
 .text._exit    0x08006b6c       0x16 ./Core/Src/syscalls.o
                0x08006b6c                _exit
 .text._read    0x08006b82       0x3a ./Core/Src/syscalls.o
                0x08006b82                _read
 .text._write   0x08006bbc       0x2c ./Core/Src/syscalls.o
                0x08006bbc                _write
 .text._close   0x08006be8       0x18 ./Core/Src/syscalls.o
                0x08006be8                _close
 .text._fstat   0x08006c00       0x20 ./Core/Src/syscalls.o
                0x08006c00                _fstat
 .text._isatty  0x08006c20       0x16 ./Core/Src/syscalls.o
                0x08006c20                _isatty
 .text._lseek   0x08006c36       0x1a ./Core/Src/syscalls.o
                0x08006c36                _lseek
 .text._sbrk    0x08006c50       0x6c ./Core/Src/sysmem.o
                0x08006c50                _sbrk
 .text.SystemInit
                0x08006cbc       0x24 ./Core/Src/system_stm32f4xx.o
                0x08006cbc                SystemInit
 .text.MX_USART2_UART_Init
                0x08006ce0       0x54 ./Core/Src/usart.o
                0x08006ce0                MX_USART2_UART_Init
 .text.HAL_UART_MspInit
                0x08006d34       0xa0 ./Core/Src/usart.o
                0x08006d34                HAL_UART_MspInit
 .text.Reset_Handler
                0x08006dd4       0x50 ./Core/Startup/startup_stm32f446retx.o
                0x08006dd4                Reset_Handler
 .text.Default_Handler
                0x08006e24        0x2 ./Core/Startup/startup_stm32f446retx.o
                0x08006e24                RTC_Alarm_IRQHandler
                0x08006e24                EXTI2_IRQHandler
                0x08006e24                TIM8_CC_IRQHandler
                0x08006e24                FMPI2C1_EV_IRQHandler
                0x08006e24                SPI4_IRQHandler
                0x08006e24                TIM1_CC_IRQHandler
                0x08006e24                DMA2_Stream5_IRQHandler
                0x08006e24                DMA1_Stream5_IRQHandler
                0x08006e24                PVD_IRQHandler
                0x08006e24                SDIO_IRQHandler
                0x08006e24                TAMP_STAMP_IRQHandler
                0x08006e24                CAN2_RX1_IRQHandler
                0x08006e24                EXTI3_IRQHandler
                0x08006e24                TIM8_TRG_COM_TIM14_IRQHandler
                0x08006e24                TIM1_UP_TIM10_IRQHandler
                0x08006e24                TIM8_UP_TIM13_IRQHandler
                0x08006e24                I2C3_ER_IRQHandler
                0x08006e24                EXTI0_IRQHandler
                0x08006e24                I2C2_EV_IRQHandler
                0x08006e24                DMA1_Stream2_IRQHandler
                0x08006e24                CAN1_RX0_IRQHandler
                0x08006e24                FPU_IRQHandler
                0x08006e24                OTG_HS_WKUP_IRQHandler
                0x08006e24                CAN2_SCE_IRQHandler
                0x08006e24                DMA2_Stream2_IRQHandler
                0x08006e24                SPI1_IRQHandler
                0x08006e24                TIM6_DAC_IRQHandler
                0x08006e24                TIM1_BRK_TIM9_IRQHandler
                0x08006e24                DCMI_IRQHandler
                0x08006e24                CAN2_RX0_IRQHandler
                0x08006e24                DMA2_Stream3_IRQHandler
                0x08006e24                SAI2_IRQHandler
                0x08006e24                USART6_IRQHandler
                0x08006e24                USART3_IRQHandler
                0x08006e24                CAN1_RX1_IRQHandler
                0x08006e24                UART5_IRQHandler
                0x08006e24                DMA2_Stream0_IRQHandler
                0x08006e24                TIM4_IRQHandler
                0x08006e24                QUADSPI_IRQHandler
                0x08006e24                I2C1_EV_IRQHandler
                0x08006e24                DMA1_Stream6_IRQHandler
                0x08006e24                DMA1_Stream1_IRQHandler
                0x08006e24                UART4_IRQHandler
                0x08006e24                TIM3_IRQHandler
                0x08006e24                RCC_IRQHandler
                0x08006e24                TIM8_BRK_TIM12_IRQHandler
                0x08006e24                Default_Handler
                0x08006e24                CEC_IRQHandler
                0x08006e24                ADC_IRQHandler
                0x08006e24                DMA1_Stream7_IRQHandler
                0x08006e24                TIM7_IRQHandler
                0x08006e24                CAN2_TX_IRQHandler
                0x08006e24                TIM5_IRQHandler
                0x08006e24                DMA2_Stream7_IRQHandler
                0x08006e24                I2C3_EV_IRQHandler
                0x08006e24                EXTI9_5_IRQHandler
                0x08006e24                RTC_WKUP_IRQHandler
                0x08006e24                SPDIF_RX_IRQHandler
                0x08006e24                SPI2_IRQHandler
                0x08006e24                OTG_HS_EP1_IN_IRQHandler
                0x08006e24                DMA1_Stream0_IRQHandler
                0x08006e24                CAN1_TX_IRQHandler
                0x08006e24                FMPI2C1_ER_IRQHandler
                0x08006e24                EXTI4_IRQHandler
                0x08006e24                OTG_HS_EP1_OUT_IRQHandler
                0x08006e24                WWDG_IRQHandler
                0x08006e24                TIM2_IRQHandler
                0x08006e24                OTG_FS_WKUP_IRQHandler
                0x08006e24                TIM1_TRG_COM_TIM11_IRQHandler
                0x08006e24                OTG_HS_IRQHandler
                0x08006e24                EXTI1_IRQHandler
                0x08006e24                I2C2_ER_IRQHandler
                0x08006e24                DMA2_Stream1_IRQHandler
                0x08006e24                CAN1_SCE_IRQHandler
                0x08006e24                FLASH_IRQHandler
                0x08006e24                DMA2_Stream4_IRQHandler
                0x08006e24                USART1_IRQHandler
                0x08006e24                OTG_FS_IRQHandler
                0x08006e24                SPI3_IRQHandler
                0x08006e24                DMA1_Stream4_IRQHandler
                0x08006e24                I2C1_ER_IRQHandler
                0x08006e24                FMC_IRQHandler
                0x08006e24                DMA2_Stream6_IRQHandler
                0x08006e24                SAI1_IRQHandler
                0x08006e24                DMA1_Stream3_IRQHandler
 *fill*         0x08006e26        0x2 
 .text.HAL_Init
                0x08006e28       0x44 ./Drivers/STM32F4xx_HAL_Driver/Src/stm32f4xx_hal.o
                0x08006e28                HAL_Init
 .text.HAL_InitTick
                0x08006e6c       0x60 ./Drivers/STM32F4xx_HAL_Driver/Src/stm32f4xx_hal.o
                0x08006e6c                HAL_InitTick
 .text.HAL_IncTick
                0x08006ecc       0x28 ./Drivers/STM32F4xx_HAL_Driver/Src/stm32f4xx_hal.o
                0x08006ecc                HAL_IncTick
 .text.HAL_GetTick
                0x08006ef4       0x18 ./Drivers/STM32F4xx_HAL_Driver/Src/stm32f4xx_hal.o
                0x08006ef4                HAL_GetTick
 .text.HAL_Delay
                0x08006f0c       0x48 ./Drivers/STM32F4xx_HAL_Driver/Src/stm32f4xx_hal.o
                0x08006f0c                HAL_Delay
 .text.__NVIC_SetPriorityGrouping
                0x08006f54       0x48 ./Drivers/STM32F4xx_HAL_Driver/Src/stm32f4xx_hal_cortex.o
 .text.__NVIC_GetPriorityGrouping
                0x08006f9c       0x1c ./Drivers/STM32F4xx_HAL_Driver/Src/stm32f4xx_hal_cortex.o
 .text.__NVIC_EnableIRQ
                0x08006fb8       0x3c ./Drivers/STM32F4xx_HAL_Driver/Src/stm32f4xx_hal_cortex.o
 .text.__NVIC_SetPriority
                0x08006ff4       0x54 ./Drivers/STM32F4xx_HAL_Driver/Src/stm32f4xx_hal_cortex.o
 .text.NVIC_EncodePriority
                0x08007048       0x66 ./Drivers/STM32F4xx_HAL_Driver/Src/stm32f4xx_hal_cortex.o
 *fill*         0x080070ae        0x2 
 .text.SysTick_Config
                0x080070b0       0x44 ./Drivers/STM32F4xx_HAL_Driver/Src/stm32f4xx_hal_cortex.o
 .text.HAL_NVIC_SetPriorityGrouping
                0x080070f4       0x16 ./Drivers/STM32F4xx_HAL_Driver/Src/stm32f4xx_hal_cortex.o
                0x080070f4                HAL_NVIC_SetPriorityGrouping
 .text.HAL_NVIC_SetPriority
                0x0800710a       0x38 ./Drivers/STM32F4xx_HAL_Driver/Src/stm32f4xx_hal_cortex.o
                0x0800710a                HAL_NVIC_SetPriority
 .text.HAL_NVIC_EnableIRQ
                0x08007142       0x1c ./Drivers/STM32F4xx_HAL_Driver/Src/stm32f4xx_hal_cortex.o
                0x08007142                HAL_NVIC_EnableIRQ
 .text.HAL_SYSTICK_Config
                0x0800715e       0x18 ./Drivers/STM32F4xx_HAL_Driver/Src/stm32f4xx_hal_cortex.o
                0x0800715e                HAL_SYSTICK_Config
 .text.HAL_DMA_Abort
                0x08007176       0xe0 ./Drivers/STM32F4xx_HAL_Driver/Src/stm32f4xx_hal_dma.o
                0x08007176                HAL_DMA_Abort
 .text.HAL_DMA_Abort_IT
                0x08007256       0x44 ./Drivers/STM32F4xx_HAL_Driver/Src/stm32f4xx_hal_dma.o
                0x08007256                HAL_DMA_Abort_IT
 *fill*         0x0800729a        0x2 
 .text.HAL_GPIO_Init
                0x0800729c      0x328 ./Drivers/STM32F4xx_HAL_Driver/Src/stm32f4xx_hal_gpio.o
                0x0800729c                HAL_GPIO_Init
 .text.HAL_GPIO_WritePin
                0x080075c4       0x32 ./Drivers/STM32F4xx_HAL_Driver/Src/stm32f4xx_hal_gpio.o
                0x080075c4                HAL_GPIO_WritePin
 *fill*         0x080075f6        0x2 
 .text.HAL_RCC_ClockConfig
                0x080075f8      0x1cc ./Drivers/STM32F4xx_HAL_Driver/Src/stm32f4xx_hal_rcc.o
                0x080075f8                HAL_RCC_ClockConfig
 .text.HAL_RCC_GetHCLKFreq
                0x080077c4       0x18 ./Drivers/STM32F4xx_HAL_Driver/Src/stm32f4xx_hal_rcc.o
                0x080077c4                HAL_RCC_GetHCLKFreq
 .text.HAL_RCC_GetPCLK1Freq
                0x080077dc       0x28 ./Drivers/STM32F4xx_HAL_Driver/Src/stm32f4xx_hal_rcc.o
                0x080077dc                HAL_RCC_GetPCLK1Freq
 .text.HAL_RCC_GetPCLK2Freq
                0x08007804       0x28 ./Drivers/STM32F4xx_HAL_Driver/Src/stm32f4xx_hal_rcc.o
                0x08007804                HAL_RCC_GetPCLK2Freq
 .text.HAL_RCC_GetSysClockFreq
                0x0800782c      0x460 ./Drivers/STM32F4xx_HAL_Driver/Src/stm32f4xx_hal_rcc_ex.o
                0x0800782c                HAL_RCC_GetSysClockFreq
 .text.HAL_RCC_OscConfig
                0x08007c8c      0x53c ./Drivers/STM32F4xx_HAL_Driver/Src/stm32f4xx_hal_rcc_ex.o
                0x08007c8c                HAL_RCC_OscConfig
 .text.HAL_UART_Init
                0x080081c8       0xa0 ./Drivers/STM32F4xx_HAL_Driver/Src/stm32f4xx_hal_uart.o
                0x080081c8                HAL_UART_Init
 .text.HAL_UART_Transmit
                0x08008268      0x116 ./Drivers/STM32F4xx_HAL_Driver/Src/stm32f4xx_hal_uart.o
                0x08008268                HAL_UART_Transmit
 .text.HAL_UART_Receive_IT
                0x0800837e       0x4a ./Drivers/STM32F4xx_HAL_Driver/Src/stm32f4xx_hal_uart.o
                0x0800837e                HAL_UART_Receive_IT
 .text.HAL_UART_IRQHandler
                0x080083c8      0x554 ./Drivers/STM32F4xx_HAL_Driver/Src/stm32f4xx_hal_uart.o
                0x080083c8                HAL_UART_IRQHandler
 .text.HAL_UART_TxCpltCallback
                0x0800891c       0x14 ./Drivers/STM32F4xx_HAL_Driver/Src/stm32f4xx_hal_uart.o
                0x0800891c                HAL_UART_TxCpltCallback
 .text.HAL_UART_ErrorCallback
                0x08008930       0x14 ./Drivers/STM32F4xx_HAL_Driver/Src/stm32f4xx_hal_uart.o
                0x08008930                HAL_UART_ErrorCallback
 .text.HAL_UARTEx_RxEventCallback
                0x08008944       0x18 ./Drivers/STM32F4xx_HAL_Driver/Src/stm32f4xx_hal_uart.o
                0x08008944                HAL_UARTEx_RxEventCallback
 .text.UART_WaitOnFlagUntilTimeout
                0x0800895c       0xb2 ./Drivers/STM32F4xx_HAL_Driver/Src/stm32f4xx_hal_uart.o
 .text.UART_Start_Receive_IT
                0x08008a0e       0x74 ./Drivers/STM32F4xx_HAL_Driver/Src/stm32f4xx_hal_uart.o
                0x08008a0e                UART_Start_Receive_IT
 .text.UART_EndRxTransfer
                0x08008a82       0xc6 ./Drivers/STM32F4xx_HAL_Driver/Src/stm32f4xx_hal_uart.o
 .text.UART_DMAAbortOnError
                0x08008b48       0x22 ./Drivers/STM32F4xx_HAL_Driver/Src/stm32f4xx_hal_uart.o
 .text.UART_Transmit_IT
                0x08008b6a       0xa0 ./Drivers/STM32F4xx_HAL_Driver/Src/stm32f4xx_hal_uart.o
 .text.UART_EndTransmit_IT
                0x08008c0a       0x30 ./Drivers/STM32F4xx_HAL_Driver/Src/stm32f4xx_hal_uart.o
 .text.UART_Receive_IT
                0x08008c3a      0x17c ./Drivers/STM32F4xx_HAL_Driver/Src/stm32f4xx_hal_uart.o
 *fill*         0x08008db6        0x2 
 .text.UART_SetConfig
                0x08008db8      0x4e8 ./Drivers/STM32F4xx_HAL_Driver/Src/stm32f4xx_hal_uart.o
 .text.__NVIC_SetPriority
                0x080092a0       0x54 ./Middlewares/Third_Party/FreeRTOS/Source/CMSIS_RTOS_V2/cmsis_os2.o
 .text.SVC_Setup
                0x080092f4       0x12 ./Middlewares/Third_Party/FreeRTOS/Source/CMSIS_RTOS_V2/cmsis_os2.o
 *fill*         0x08009306        0x2 
 .text.osKernelInitialize
                0x08009308       0x48 ./Middlewares/Third_Party/FreeRTOS/Source/CMSIS_RTOS_V2/cmsis_os2.o
                0x08009308                osKernelInitialize
 .text.osKernelStart
                0x08009350       0x4c ./Middlewares/Third_Party/FreeRTOS/Source/CMSIS_RTOS_V2/cmsis_os2.o
                0x08009350                osKernelStart
 .text.osThreadNew
                0x0800939c      0x126 ./Middlewares/Third_Party/FreeRTOS/Source/CMSIS_RTOS_V2/cmsis_os2.o
                0x0800939c                osThreadNew
 *fill*         0x080094c2        0x2 
 .text.vApplicationGetIdleTaskMemory
                0x080094c4       0x34 ./Middlewares/Third_Party/FreeRTOS/Source/CMSIS_RTOS_V2/cmsis_os2.o
                0x080094c4                vApplicationGetIdleTaskMemory
 .text.vApplicationGetTimerTaskMemory
                0x080094f8       0x34 ./Middlewares/Third_Party/FreeRTOS/Source/CMSIS_RTOS_V2/cmsis_os2.o
                0x080094f8                vApplicationGetTimerTaskMemory
 .text.xEventGroupCreate
                0x0800952c       0x34 ./Middlewares/Third_Party/FreeRTOS/Source/event_groups.o
                0x0800952c                xEventGroupCreate
 .text.xEventGroupWaitBits
                0x08009560      0x1a4 ./Middlewares/Third_Party/FreeRTOS/Source/event_groups.o
                0x08009560                xEventGroupWaitBits
 .text.xEventGroupClearBits
                0x08009704       0x72 ./Middlewares/Third_Party/FreeRTOS/Source/event_groups.o
                0x08009704                xEventGroupClearBits
 .text.xEventGroupSetBits
                0x08009776      0x118 ./Middlewares/Third_Party/FreeRTOS/Source/event_groups.o
                0x08009776                xEventGroupSetBits
 .text.prvTestWaitCondition
                0x0800988e       0x44 ./Middlewares/Third_Party/FreeRTOS/Source/event_groups.o
 .text.vListInitialise
                0x080098d2       0x40 ./Middlewares/Third_Party/FreeRTOS/Source/list.o
                0x080098d2                vListInitialise
 .text.vListInitialiseItem
                0x08009912       0x1a ./Middlewares/Third_Party/FreeRTOS/Source/list.o
                0x08009912                vListInitialiseItem
 .text.vListInsertEnd
                0x0800992c       0x48 ./Middlewares/Third_Party/FreeRTOS/Source/list.o
                0x0800992c                vListInsertEnd
 .text.vListInsert
                0x08009974       0x72 ./Middlewares/Third_Party/FreeRTOS/Source/list.o
                0x08009974                vListInsert
 .text.uxListRemove
                0x080099e6       0x54 ./Middlewares/Third_Party/FreeRTOS/Source/list.o
                0x080099e6                uxListRemove
 *fill*         0x08009a3a        0x2 
 .text.xQueueGenericReset
                0x08009a3c       0xd4 ./Middlewares/Third_Party/FreeRTOS/Source/queue.o
                0x08009a3c                xQueueGenericReset
 .text.xQueueGenericCreateStatic
                0x08009b10       0xfa ./Middlewares/Third_Party/FreeRTOS/Source/queue.o
                0x08009b10                xQueueGenericCreateStatic
 .text.xQueueGenericCreate
                0x08009c0a       0x76 ./Middlewares/Third_Party/FreeRTOS/Source/queue.o
                0x08009c0a                xQueueGenericCreate
 .text.prvInitialiseNewQueue
                0x08009c80       0x46 ./Middlewares/Third_Party/FreeRTOS/Source/queue.o
 .text.prvInitialiseMutex
                0x08009cc6       0x34 ./Middlewares/Third_Party/FreeRTOS/Source/queue.o
 .text.xQueueCreateMutex
                0x08009cfa       0x30 ./Middlewares/Third_Party/FreeRTOS/Source/queue.o
                0x08009cfa                xQueueCreateMutex
 .text.xQueueCreateCountingSemaphore
                0x08009d2a       0x6a ./Middlewares/Third_Party/FreeRTOS/Source/queue.o
                0x08009d2a                xQueueCreateCountingSemaphore
 .text.xQueueGenericSend
                0x08009d94      0x204 ./Middlewares/Third_Party/FreeRTOS/Source/queue.o
                0x08009d94                xQueueGenericSend
 .text.xQueueGenericSendFromISR
                0x08009f98      0x13c ./Middlewares/Third_Party/FreeRTOS/Source/queue.o
                0x08009f98                xQueueGenericSendFromISR
 .text.xQueueReceive
                0x0800a0d4      0x1c4 ./Middlewares/Third_Party/FreeRTOS/Source/queue.o
                0x0800a0d4                xQueueReceive
 .text.xQueueSemaphoreTake
                0x0800a298      0x220 ./Middlewares/Third_Party/FreeRTOS/Source/queue.o
                0x0800a298                xQueueSemaphoreTake
 .text.prvGetDisinheritPriorityAfterTimeout
                0x0800a4b8       0x30 ./Middlewares/Third_Party/FreeRTOS/Source/queue.o
 .text.prvCopyDataToQueue
                0x0800a4e8       0xd4 ./Middlewares/Third_Party/FreeRTOS/Source/queue.o
 .text.prvCopyDataFromQueue
                0x0800a5bc       0x4c ./Middlewares/Third_Party/FreeRTOS/Source/queue.o
 .text.prvUnlockQueue
                0x0800a608       0xa4 ./Middlewares/Third_Party/FreeRTOS/Source/queue.o
 .text.prvIsQueueEmpty
                0x0800a6ac       0x2c ./Middlewares/Third_Party/FreeRTOS/Source/queue.o
 .text.prvIsQueueFull
                0x0800a6d8       0x30 ./Middlewares/Third_Party/FreeRTOS/Source/queue.o
 .text.vQueueAddToRegistry
                0x0800a708       0x54 ./Middlewares/Third_Party/FreeRTOS/Source/queue.o
                0x0800a708                vQueueAddToRegistry
 .text.vQueueWaitForMessageRestricted
                0x0800a75c       0x68 ./Middlewares/Third_Party/FreeRTOS/Source/queue.o
                0x0800a75c                vQueueWaitForMessageRestricted
 .text.xTaskCreateStatic
                0x0800a7c4       0xc0 ./Middlewares/Third_Party/FreeRTOS/Source/tasks.o
                0x0800a7c4                xTaskCreateStatic
 .text.xTaskCreate
                0x0800a884       0x8a ./Middlewares/Third_Party/FreeRTOS/Source/tasks.o
                0x0800a884                xTaskCreate
 .text.prvInitialiseNewTask
                0x0800a90e      0x120 ./Middlewares/Third_Party/FreeRTOS/Source/tasks.o
 *fill*         0x0800aa2e        0x2 
 .text.prvAddNewTaskToReadyList
                0x0800aa30       0xe0 ./Middlewares/Third_Party/FreeRTOS/Source/tasks.o
 .text.vTaskDelay
                0x0800ab10       0x6c ./Middlewares/Third_Party/FreeRTOS/Source/tasks.o
                0x0800ab10                vTaskDelay
 .text.vTaskStartScheduler
                0x0800ab7c       0xd0 ./Middlewares/Third_Party/FreeRTOS/Source/tasks.o
                0x0800ab7c                vTaskStartScheduler
 .text.vTaskSuspendAll
                0x0800ac4c       0x1c ./Middlewares/Third_Party/FreeRTOS/Source/tasks.o
                0x0800ac4c                vTaskSuspendAll
 .text.xTaskResumeAll
                0x0800ac68      0x13c ./Middlewares/Third_Party/FreeRTOS/Source/tasks.o
                0x0800ac68                xTaskResumeAll
 .text.xTaskGetTickCount
                0x0800ada4       0x20 ./Middlewares/Third_Party/FreeRTOS/Source/tasks.o
                0x0800ada4                xTaskGetTickCount
 .text.xTaskIncrementTick
                0x0800adc4      0x174 ./Middlewares/Third_Party/FreeRTOS/Source/tasks.o
                0x0800adc4                xTaskIncrementTick
 .text.vTaskSwitchContext
                0x0800af38       0xbc ./Middlewares/Third_Party/FreeRTOS/Source/tasks.o
                0x0800af38                vTaskSwitchContext
 .text.vTaskPlaceOnEventList
                0x0800aff4       0x4c ./Middlewares/Third_Party/FreeRTOS/Source/tasks.o
                0x0800aff4                vTaskPlaceOnEventList
 .text.vTaskPlaceOnUnorderedEventList
                0x0800b040       0x7c ./Middlewares/Third_Party/FreeRTOS/Source/tasks.o
                0x0800b040                vTaskPlaceOnUnorderedEventList
 .text.vTaskPlaceOnEventListRestricted
                0x0800b0bc       0x58 ./Middlewares/Third_Party/FreeRTOS/Source/tasks.o
                0x0800b0bc                vTaskPlaceOnEventListRestricted
 .text.xTaskRemoveFromEventList
                0x0800b114       0xc8 ./Middlewares/Third_Party/FreeRTOS/Source/tasks.o
                0x0800b114                xTaskRemoveFromEventList
 .text.vTaskRemoveFromUnorderedEventList
                0x0800b1dc       0xc8 ./Middlewares/Third_Party/FreeRTOS/Source/tasks.o
                0x0800b1dc                vTaskRemoveFromUnorderedEventList
 .text.vTaskInternalSetTimeOutState
                0x0800b2a4       0x2c ./Middlewares/Third_Party/FreeRTOS/Source/tasks.o
                0x0800b2a4                vTaskInternalSetTimeOutState
 .text.xTaskCheckForTimeOut
                0x0800b2d0       0xc8 ./Middlewares/Third_Party/FreeRTOS/Source/tasks.o
                0x0800b2d0                xTaskCheckForTimeOut
 .text.vTaskMissedYield
                0x0800b398       0x18 ./Middlewares/Third_Party/FreeRTOS/Source/tasks.o
                0x0800b398                vTaskMissedYield
 .text.prvIdleTask
                0x0800b3b0       0x30 ./Middlewares/Third_Party/FreeRTOS/Source/tasks.o
 .text.prvInitialiseTaskLists
                0x0800b3e0       0x80 ./Middlewares/Third_Party/FreeRTOS/Source/tasks.o
 .text.prvCheckTasksWaitingTermination
                0x0800b460       0x5c ./Middlewares/Third_Party/FreeRTOS/Source/tasks.o
 .text.prvDeleteTCB
                0x0800b4bc       0x60 ./Middlewares/Third_Party/FreeRTOS/Source/tasks.o
 .text.prvResetNextTaskUnblockTime
                0x0800b51c       0x40 ./Middlewares/Third_Party/FreeRTOS/Source/tasks.o
 .text.xTaskGetSchedulerState
                0x0800b55c       0x3c ./Middlewares/Third_Party/FreeRTOS/Source/tasks.o
                0x0800b55c                xTaskGetSchedulerState
 .text.xTaskPriorityInherit
                0x0800b598       0xd0 ./Middlewares/Third_Party/FreeRTOS/Source/tasks.o
                0x0800b598                xTaskPriorityInherit
 .text.xTaskPriorityDisinherit
                0x0800b668       0xe0 ./Middlewares/Third_Party/FreeRTOS/Source/tasks.o
                0x0800b668                xTaskPriorityDisinherit
 .text.vTaskPriorityDisinheritAfterTimeout
                0x0800b748      0x108 ./Middlewares/Third_Party/FreeRTOS/Source/tasks.o
                0x0800b748                vTaskPriorityDisinheritAfterTimeout
 .text.uxTaskResetEventItemValue
                0x0800b850       0x30 ./Middlewares/Third_Party/FreeRTOS/Source/tasks.o
                0x0800b850                uxTaskResetEventItemValue
 .text.pvTaskIncrementMutexHeldCount
                0x0800b880       0x28 ./Middlewares/Third_Party/FreeRTOS/Source/tasks.o
                0x0800b880                pvTaskIncrementMutexHeldCount
 .text.prvAddCurrentTaskToDelayedList
                0x0800b8a8       0xa8 ./Middlewares/Third_Party/FreeRTOS/Source/tasks.o
 .text.xTimerCreateTimerTask
                0x0800b950       0x94 ./Middlewares/Third_Party/FreeRTOS/Source/timers.o
                0x0800b950                xTimerCreateTimerTask
 .text.xTimerGenericCommand
                0x0800b9e4       0x9c ./Middlewares/Third_Party/FreeRTOS/Source/timers.o
                0x0800b9e4                xTimerGenericCommand
 .text.prvProcessExpiredTimer
                0x0800ba80       0x9c ./Middlewares/Third_Party/FreeRTOS/Source/timers.o
 .text.prvTimerTask
                0x0800bb1c       0x26 ./Middlewares/Third_Party/FreeRTOS/Source/timers.o
 *fill*         0x0800bb42        0x2 
 .text.prvProcessTimerOrBlockTask
                0x0800bb44       0x9c ./Middlewares/Third_Party/FreeRTOS/Source/timers.o
 .text.prvGetNextExpireTime
                0x0800bbe0       0x48 ./Middlewares/Third_Party/FreeRTOS/Source/timers.o
 .text.prvSampleTimeNow
                0x0800bc28       0x40 ./Middlewares/Third_Party/FreeRTOS/Source/timers.o
 .text.prvInsertTimerInActiveList
                0x0800bc68       0x84 ./Middlewares/Third_Party/FreeRTOS/Source/timers.o
 .text.prvProcessReceivedCommands
                0x0800bcec      0x1cc ./Middlewares/Third_Party/FreeRTOS/Source/timers.o
 .text.prvSwitchTimerLists
                0x0800beb8       0xcc ./Middlewares/Third_Party/FreeRTOS/Source/timers.o
 .text.prvCheckForValidListAndQueue
                0x0800bf84       0x80 ./Middlewares/Third_Party/FreeRTOS/Source/timers.o
 .text.pxPortInitialiseStack
                0x0800c004       0x68 ./Middlewares/Third_Party/FreeRTOS/Source/portable/GCC/ARM_CM4F/port.o
                0x0800c004                pxPortInitialiseStack
 .text.prvTaskExitError
                0x0800c06c       0x5c ./Middlewares/Third_Party/FreeRTOS/Source/portable/GCC/ARM_CM4F/port.o
 *fill*         0x0800c0c8        0x8 
 .text.SVC_Handler
                0x0800c0d0       0x28 ./Middlewares/Third_Party/FreeRTOS/Source/portable/GCC/ARM_CM4F/port.o
                0x0800c0d0                SVC_Handler
 .text.prvPortStartFirstTask
                0x0800c0f8       0x28 ./Middlewares/Third_Party/FreeRTOS/Source/portable/GCC/ARM_CM4F/port.o
 .text.xPortStartScheduler
                0x0800c120      0x148 ./Middlewares/Third_Party/FreeRTOS/Source/portable/GCC/ARM_CM4F/port.o
                0x0800c120                xPortStartScheduler
 .text.vPortEnterCritical
                0x0800c268       0x64 ./Middlewares/Third_Party/FreeRTOS/Source/portable/GCC/ARM_CM4F/port.o
                0x0800c268                vPortEnterCritical
 .text.vPortExitCritical
                0x0800c2cc       0x54 ./Middlewares/Third_Party/FreeRTOS/Source/portable/GCC/ARM_CM4F/port.o
                0x0800c2cc                vPortExitCritical
 .text.PendSV_Handler
                0x0800c320       0x68 ./Middlewares/Third_Party/FreeRTOS/Source/portable/GCC/ARM_CM4F/port.o
                0x0800c320                PendSV_Handler
 .text.xPortSysTickHandler
                0x0800c388       0x44 ./Middlewares/Third_Party/FreeRTOS/Source/portable/GCC/ARM_CM4F/port.o
                0x0800c388                xPortSysTickHandler
 .text.vPortSetupTimerInterrupt
                0x0800c3cc       0x48 ./Middlewares/Third_Party/FreeRTOS/Source/portable/GCC/ARM_CM4F/port.o
                0x0800c3cc                vPortSetupTimerInterrupt
 .text.vPortEnableVFP
                0x0800c414       0x14 ./Middlewares/Third_Party/FreeRTOS/Source/portable/GCC/ARM_CM4F/port.o
 .text.vPortValidateInterruptPriority
                0x0800c428       0x84 ./Middlewares/Third_Party/FreeRTOS/Source/portable/GCC/ARM_CM4F/port.o
                0x0800c428                vPortValidateInterruptPriority
 .text.pvPortMalloc
                0x0800c4ac      0x19c ./Middlewares/Third_Party/FreeRTOS/Source/portable/MemMang/heap_4.o
                0x0800c4ac                pvPortMalloc
 .text.vPortFree
                0x0800c648       0xc8 ./Middlewares/Third_Party/FreeRTOS/Source/portable/MemMang/heap_4.o
                0x0800c648                vPortFree
 .text.prvHeapInit
                0x0800c710       0xc4 ./Middlewares/Third_Party/FreeRTOS/Source/portable/MemMang/heap_4.o
 .text.prvInsertBlockIntoFreeList
                0x0800c7d4       0xb4 ./Middlewares/Third_Party/FreeRTOS/Source/portable/MemMang/heap_4.o
 .text.atoi     0x0800c888        0x8 C:/ST/STM32CubeIDE_1.19.0/STM32CubeIDE/plugins/com.st.stm32cube.ide.mcu.externaltools.gnu-tools-for-stm32.13.3.rel1.win32_1.0.0.202411081344/tools/bin/../lib/gcc/arm-none-eabi/13.3.1/../../../../arm-none-eabi/lib/thumb/v7e-m+fp/hard\libc_nano.a(libc_a-atoi.o)
                0x0800c888                atoi
 .text.srand    0x0800c890       0x5c C:/ST/STM32CubeIDE_1.19.0/STM32CubeIDE/plugins/com.st.stm32cube.ide.mcu.externaltools.gnu-tools-for-stm32.13.3.rel1.win32_1.0.0.202411081344/tools/bin/../lib/gcc/arm-none-eabi/13.3.1/../../../../arm-none-eabi/lib/thumb/v7e-m+fp/hard\libc_nano.a(libc_a-rand.o)
                0x0800c890                srand
 .text.rand     0x0800c8ec       0x7c C:/ST/STM32CubeIDE_1.19.0/STM32CubeIDE/plugins/com.st.stm32cube.ide.mcu.externaltools.gnu-tools-for-stm32.13.3.rel1.win32_1.0.0.202411081344/tools/bin/../lib/gcc/arm-none-eabi/13.3.1/../../../../arm-none-eabi/lib/thumb/v7e-m+fp/hard\libc_nano.a(libc_a-rand.o)
                0x0800c8ec                rand
 .text._strtol_l.isra.0
                0x0800c968       0xf4 C:/ST/STM32CubeIDE_1.19.0/STM32CubeIDE/plugins/com.st.stm32cube.ide.mcu.externaltools.gnu-tools-for-stm32.13.3.rel1.win32_1.0.0.202411081344/tools/bin/../lib/gcc/arm-none-eabi/13.3.1/../../../../arm-none-eabi/lib/thumb/v7e-m+fp/hard\libc_nano.a(libc_a-strtol.o)
 .text.strtol   0x0800ca5c       0x14 C:/ST/STM32CubeIDE_1.19.0/STM32CubeIDE/plugins/com.st.stm32cube.ide.mcu.externaltools.gnu-tools-for-stm32.13.3.rel1.win32_1.0.0.202411081344/tools/bin/../lib/gcc/arm-none-eabi/13.3.1/../../../../arm-none-eabi/lib/thumb/v7e-m+fp/hard\libc_nano.a(libc_a-strtol.o)
                0x0800ca5c                strtol
 .text.std      0x0800ca70       0x6c C:/ST/STM32CubeIDE_1.19.0/STM32CubeIDE/plugins/com.st.stm32cube.ide.mcu.externaltools.gnu-tools-for-stm32.13.3.rel1.win32_1.0.0.202411081344/tools/bin/../lib/gcc/arm-none-eabi/13.3.1/../../../../arm-none-eabi/lib/thumb/v7e-m+fp/hard\libc_nano.a(libc_a-findfp.o)
 .text.stdio_exit_handler
                0x0800cadc       0x18 C:/ST/STM32CubeIDE_1.19.0/STM32CubeIDE/plugins/com.st.stm32cube.ide.mcu.externaltools.gnu-tools-for-stm32.13.3.rel1.win32_1.0.0.202411081344/tools/bin/../lib/gcc/arm-none-eabi/13.3.1/../../../../arm-none-eabi/lib/thumb/v7e-m+fp/hard\libc_nano.a(libc_a-findfp.o)
 .text.cleanup_stdio
                0x0800caf4       0x40 C:/ST/STM32CubeIDE_1.19.0/STM32CubeIDE/plugins/com.st.stm32cube.ide.mcu.externaltools.gnu-tools-for-stm32.13.3.rel1.win32_1.0.0.202411081344/tools/bin/../lib/gcc/arm-none-eabi/13.3.1/../../../../arm-none-eabi/lib/thumb/v7e-m+fp/hard\libc_nano.a(libc_a-findfp.o)
 .text.global_stdio_init.part.0
                0x0800cb34       0x3c C:/ST/STM32CubeIDE_1.19.0/STM32CubeIDE/plugins/com.st.stm32cube.ide.mcu.externaltools.gnu-tools-for-stm32.13.3.rel1.win32_1.0.0.202411081344/tools/bin/../lib/gcc/arm-none-eabi/13.3.1/../../../../arm-none-eabi/lib/thumb/v7e-m+fp/hard\libc_nano.a(libc_a-findfp.o)
 .text.__sfp_lock_acquire
                0x0800cb70        0xc C:/ST/STM32CubeIDE_1.19.0/STM32CubeIDE/plugins/com.st.stm32cube.ide.mcu.externaltools.gnu-tools-for-stm32.13.3.rel1.win32_1.0.0.202411081344/tools/bin/../lib/gcc/arm-none-eabi/13.3.1/../../../../arm-none-eabi/lib/thumb/v7e-m+fp/hard\libc_nano.a(libc_a-findfp.o)
                0x0800cb70                __sfp_lock_acquire
 .text.__sfp_lock_release
                0x0800cb7c        0xc C:/ST/STM32CubeIDE_1.19.0/STM32CubeIDE/plugins/com.st.stm32cube.ide.mcu.externaltools.gnu-tools-for-stm32.13.3.rel1.win32_1.0.0.202411081344/tools/bin/../lib/gcc/arm-none-eabi/13.3.1/../../../../arm-none-eabi/lib/thumb/v7e-m+fp/hard\libc_nano.a(libc_a-findfp.o)
                0x0800cb7c                __sfp_lock_release
 .text.__sinit  0x0800cb88       0x30 C:/ST/STM32CubeIDE_1.19.0/STM32CubeIDE/plugins/com.st.stm32cube.ide.mcu.externaltools.gnu-tools-for-stm32.13.3.rel1.win32_1.0.0.202411081344/tools/bin/../lib/gcc/arm-none-eabi/13.3.1/../../../../arm-none-eabi/lib/thumb/v7e-m+fp/hard\libc_nano.a(libc_a-findfp.o)
                0x0800cb88                __sinit
 .text._fwalk_sglue
                0x0800cbb8       0x3c C:/ST/STM32CubeIDE_1.19.0/STM32CubeIDE/plugins/com.st.stm32cube.ide.mcu.externaltools.gnu-tools-for-stm32.13.3.rel1.win32_1.0.0.202411081344/tools/bin/../lib/gcc/arm-none-eabi/13.3.1/../../../../arm-none-eabi/lib/thumb/v7e-m+fp/hard\libc_nano.a(libc_a-fwalk.o)
                0x0800cbb8                _fwalk_sglue
 .text.printf   0x0800cbf4       0x24 C:/ST/STM32CubeIDE_1.19.0/STM32CubeIDE/plugins/com.st.stm32cube.ide.mcu.externaltools.gnu-tools-for-stm32.13.3.rel1.win32_1.0.0.202411081344/tools/bin/../lib/gcc/arm-none-eabi/13.3.1/../../../../arm-none-eabi/lib/thumb/v7e-m+fp/hard\libc_nano.a(libc_a-printf.o)
                0x0800cbf4                iprintf
                0x0800cbf4                printf
 .text._puts_r  0x0800cc18       0xaa C:/ST/STM32CubeIDE_1.19.0/STM32CubeIDE/plugins/com.st.stm32cube.ide.mcu.externaltools.gnu-tools-for-stm32.13.3.rel1.win32_1.0.0.202411081344/tools/bin/../lib/gcc/arm-none-eabi/13.3.1/../../../../arm-none-eabi/lib/thumb/v7e-m+fp/hard\libc_nano.a(libc_a-puts.o)
                0x0800cc18                _puts_r
 *fill*         0x0800ccc2        0x2 
 .text.puts     0x0800ccc4       0x10 C:/ST/STM32CubeIDE_1.19.0/STM32CubeIDE/plugins/com.st.stm32cube.ide.mcu.externaltools.gnu-tools-for-stm32.13.3.rel1.win32_1.0.0.202411081344/tools/bin/../lib/gcc/arm-none-eabi/13.3.1/../../../../arm-none-eabi/lib/thumb/v7e-m+fp/hard\libc_nano.a(libc_a-puts.o)
                0x0800ccc4                puts
 .text.snprintf
                0x0800ccd4       0x6c C:/ST/STM32CubeIDE_1.19.0/STM32CubeIDE/plugins/com.st.stm32cube.ide.mcu.externaltools.gnu-tools-for-stm32.13.3.rel1.win32_1.0.0.202411081344/tools/bin/../lib/gcc/arm-none-eabi/13.3.1/../../../../arm-none-eabi/lib/thumb/v7e-m+fp/hard\libc_nano.a(libc_a-snprintf.o)
                0x0800ccd4                sniprintf
                0x0800ccd4                snprintf
 .text.__sread  0x0800cd40       0x22 C:/ST/STM32CubeIDE_1.19.0/STM32CubeIDE/plugins/com.st.stm32cube.ide.mcu.externaltools.gnu-tools-for-stm32.13.3.rel1.win32_1.0.0.202411081344/tools/bin/../lib/gcc/arm-none-eabi/13.3.1/../../../../arm-none-eabi/lib/thumb/v7e-m+fp/hard\libc_nano.a(libc_a-stdio.o)
                0x0800cd40                __sread
 .text.__swrite
                0x0800cd62       0x38 C:/ST/STM32CubeIDE_1.19.0/STM32CubeIDE/plugins/com.st.stm32cube.ide.mcu.externaltools.gnu-tools-for-stm32.13.3.rel1.win32_1.0.0.202411081344/tools/bin/../lib/gcc/arm-none-eabi/13.3.1/../../../../arm-none-eabi/lib/thumb/v7e-m+fp/hard\libc_nano.a(libc_a-stdio.o)
                0x0800cd62                __swrite
 .text.__sseek  0x0800cd9a       0x24 C:/ST/STM32CubeIDE_1.19.0/STM32CubeIDE/plugins/com.st.stm32cube.ide.mcu.externaltools.gnu-tools-for-stm32.13.3.rel1.win32_1.0.0.202411081344/tools/bin/../lib/gcc/arm-none-eabi/13.3.1/../../../../arm-none-eabi/lib/thumb/v7e-m+fp/hard\libc_nano.a(libc_a-stdio.o)
                0x0800cd9a                __sseek
 .text.__sclose
                0x0800cdbe        0x8 C:/ST/STM32CubeIDE_1.19.0/STM32CubeIDE/plugins/com.st.stm32cube.ide.mcu.externaltools.gnu-tools-for-stm32.13.3.rel1.win32_1.0.0.202411081344/tools/bin/../lib/gcc/arm-none-eabi/13.3.1/../../../../arm-none-eabi/lib/thumb/v7e-m+fp/hard\libc_nano.a(libc_a-stdio.o)
                0x0800cdbe                __sclose
 .text.__swbuf_r
                0x0800cdc6       0x7c C:/ST/STM32CubeIDE_1.19.0/STM32CubeIDE/plugins/com.st.stm32cube.ide.mcu.externaltools.gnu-tools-for-stm32.13.3.rel1.win32_1.0.0.202411081344/tools/bin/../lib/gcc/arm-none-eabi/13.3.1/../../../../arm-none-eabi/lib/thumb/v7e-m+fp/hard\libc_nano.a(libc_a-wbuf.o)
                0x0800cdc6                __swbuf_r
 *fill*         0x0800ce42        0x2 
 .text.__swsetup_r
                0x0800ce44       0xac C:/ST/STM32CubeIDE_1.19.0/STM32CubeIDE/plugins/com.st.stm32cube.ide.mcu.externaltools.gnu-tools-for-stm32.13.3.rel1.win32_1.0.0.202411081344/tools/bin/../lib/gcc/arm-none-eabi/13.3.1/../../../../arm-none-eabi/lib/thumb/v7e-m+fp/hard\libc_nano.a(libc_a-wsetup.o)
                0x0800ce44                __swsetup_r
 .text.memset   0x0800cef0       0x10 C:/ST/STM32CubeIDE_1.19.0/STM32CubeIDE/plugins/com.st.stm32cube.ide.mcu.externaltools.gnu-tools-for-stm32.13.3.rel1.win32_1.0.0.202411081344/tools/bin/../lib/gcc/arm-none-eabi/13.3.1/../../../../arm-none-eabi/lib/thumb/v7e-m+fp/hard\libc_nano.a(libc_a-memset.o)
                0x0800cef0                memset
 .text.strchr   0x0800cf00       0x1a C:/ST/STM32CubeIDE_1.19.0/STM32CubeIDE/plugins/com.st.stm32cube.ide.mcu.externaltools.gnu-tools-for-stm32.13.3.rel1.win32_1.0.0.202411081344/tools/bin/../lib/gcc/arm-none-eabi/13.3.1/../../../../arm-none-eabi/lib/thumb/v7e-m+fp/hard\libc_nano.a(libc_a-strchr.o)
                0x0800cf00                strchr
 .text.strstr   0x0800cf1a       0x2c C:/ST/STM32CubeIDE_1.19.0/STM32CubeIDE/plugins/com.st.stm32cube.ide.mcu.externaltools.gnu-tools-for-stm32.13.3.rel1.win32_1.0.0.202411081344/tools/bin/../lib/gcc/arm-none-eabi/13.3.1/../../../../arm-none-eabi/lib/thumb/v7e-m+fp/hard\libc_nano.a(libc_a-strstr.o)
                0x0800cf1a                strstr
 *fill*         0x0800cf46        0x2 
 .text._close_r
                0x0800cf48       0x20 C:/ST/STM32CubeIDE_1.19.0/STM32CubeIDE/plugins/com.st.stm32cube.ide.mcu.externaltools.gnu-tools-for-stm32.13.3.rel1.win32_1.0.0.202411081344/tools/bin/../lib/gcc/arm-none-eabi/13.3.1/../../../../arm-none-eabi/lib/thumb/v7e-m+fp/hard\libc_nano.a(libc_a-closer.o)
                0x0800cf48                _close_r
 .text._lseek_r
                0x0800cf68       0x24 C:/ST/STM32CubeIDE_1.19.0/STM32CubeIDE/plugins/com.st.stm32cube.ide.mcu.externaltools.gnu-tools-for-stm32.13.3.rel1.win32_1.0.0.202411081344/tools/bin/../lib/gcc/arm-none-eabi/13.3.1/../../../../arm-none-eabi/lib/thumb/v7e-m+fp/hard\libc_nano.a(libc_a-lseekr.o)
                0x0800cf68                _lseek_r
 .text._read_r  0x0800cf8c       0x24 C:/ST/STM32CubeIDE_1.19.0/STM32CubeIDE/plugins/com.st.stm32cube.ide.mcu.externaltools.gnu-tools-for-stm32.13.3.rel1.win32_1.0.0.202411081344/tools/bin/../lib/gcc/arm-none-eabi/13.3.1/../../../../arm-none-eabi/lib/thumb/v7e-m+fp/hard\libc_nano.a(libc_a-readr.o)
                0x0800cf8c                _read_r
 .text._write_r
                0x0800cfb0       0x24 C:/ST/STM32CubeIDE_1.19.0/STM32CubeIDE/plugins/com.st.stm32cube.ide.mcu.externaltools.gnu-tools-for-stm32.13.3.rel1.win32_1.0.0.202411081344/tools/bin/../lib/gcc/arm-none-eabi/13.3.1/../../../../arm-none-eabi/lib/thumb/v7e-m+fp/hard\libc_nano.a(libc_a-writer.o)
                0x0800cfb0                _write_r
 .text.__errno  0x0800cfd4        0xc C:/ST/STM32CubeIDE_1.19.0/STM32CubeIDE/plugins/com.st.stm32cube.ide.mcu.externaltools.gnu-tools-for-stm32.13.3.rel1.win32_1.0.0.202411081344/tools/bin/../lib/gcc/arm-none-eabi/13.3.1/../../../../arm-none-eabi/lib/thumb/v7e-m+fp/hard\libc_nano.a(libc_a-errno.o)
                0x0800cfd4                __errno
 .text.__libc_init_array
                0x0800cfe0       0x48 C:/ST/STM32CubeIDE_1.19.0/STM32CubeIDE/plugins/com.st.stm32cube.ide.mcu.externaltools.gnu-tools-for-stm32.13.3.rel1.win32_1.0.0.202411081344/tools/bin/../lib/gcc/arm-none-eabi/13.3.1/../../../../arm-none-eabi/lib/thumb/v7e-m+fp/hard\libc_nano.a(libc_a-init.o)
                0x0800cfe0                __libc_init_array
 .text.__retarget_lock_init_recursive
                0x0800d028        0x2 C:/ST/STM32CubeIDE_1.19.0/STM32CubeIDE/plugins/com.st.stm32cube.ide.mcu.externaltools.gnu-tools-for-stm32.13.3.rel1.win32_1.0.0.202411081344/tools/bin/../lib/gcc/arm-none-eabi/13.3.1/../../../../arm-none-eabi/lib/thumb/v7e-m+fp/hard\libc_nano.a(libc_a-lock.o)
                0x0800d028                __retarget_lock_init_recursive
 .text.__retarget_lock_acquire_recursive
                0x0800d02a        0x2 C:/ST/STM32CubeIDE_1.19.0/STM32CubeIDE/plugins/com.st.stm32cube.ide.mcu.externaltools.gnu-tools-for-stm32.13.3.rel1.win32_1.0.0.202411081344/tools/bin/../lib/gcc/arm-none-eabi/13.3.1/../../../../arm-none-eabi/lib/thumb/v7e-m+fp/hard\libc_nano.a(libc_a-lock.o)
                0x0800d02a                __retarget_lock_acquire_recursive
 .text.__retarget_lock_release_recursive
                0x0800d02c        0x2 C:/ST/STM32CubeIDE_1.19.0/STM32CubeIDE/plugins/com.st.stm32cube.ide.mcu.externaltools.gnu-tools-for-stm32.13.3.rel1.win32_1.0.0.202411081344/tools/bin/../lib/gcc/arm-none-eabi/13.3.1/../../../../arm-none-eabi/lib/thumb/v7e-m+fp/hard\libc_nano.a(libc_a-lock.o)
                0x0800d02c                __retarget_lock_release_recursive
 .text.strcpy   0x0800d02e       0x10 C:/ST/STM32CubeIDE_1.19.0/STM32CubeIDE/plugins/com.st.stm32cube.ide.mcu.externaltools.gnu-tools-for-stm32.13.3.rel1.win32_1.0.0.202411081344/tools/bin/../lib/gcc/arm-none-eabi/13.3.1/../../../../arm-none-eabi/lib/thumb/v7e-m+fp/hard\libc_nano.a(libc_a-strcpy.o)
                0x0800d02e                strcpy
 .text.memcpy   0x0800d03e       0x1c C:/ST/STM32CubeIDE_1.19.0/STM32CubeIDE/plugins/com.st.stm32cube.ide.mcu.externaltools.gnu-tools-for-stm32.13.3.rel1.win32_1.0.0.202411081344/tools/bin/../lib/gcc/arm-none-eabi/13.3.1/../../../../arm-none-eabi/lib/thumb/v7e-m+fp/hard\libc_nano.a(libc_a-memcpy-stub.o)
                0x0800d03e                memcpy
 *fill*         0x0800d05a        0x2 
 .text.__assert_func
                0x0800d05c       0x3c C:/ST/STM32CubeIDE_1.19.0/STM32CubeIDE/plugins/com.st.stm32cube.ide.mcu.externaltools.gnu-tools-for-stm32.13.3.rel1.win32_1.0.0.202411081344/tools/bin/../lib/gcc/arm-none-eabi/13.3.1/../../../../arm-none-eabi/lib/thumb/v7e-m+fp/hard\libc_nano.a(libc_a-assert.o)
                0x0800d05c                __assert_func
 .text._free_r  0x0800d098       0x94 C:/ST/STM32CubeIDE_1.19.0/STM32CubeIDE/plugins/com.st.stm32cube.ide.mcu.externaltools.gnu-tools-for-stm32.13.3.rel1.win32_1.0.0.202411081344/tools/bin/../lib/gcc/arm-none-eabi/13.3.1/../../../../arm-none-eabi/lib/thumb/v7e-m+fp/hard\libc_nano.a(libc_a-freer.o)
                0x0800d098                _free_r
 .text.malloc   0x0800d12c       0x10 C:/ST/STM32CubeIDE_1.19.0/STM32CubeIDE/plugins/com.st.stm32cube.ide.mcu.externaltools.gnu-tools-for-stm32.13.3.rel1.win32_1.0.0.202411081344/tools/bin/../lib/gcc/arm-none-eabi/13.3.1/../../../../arm-none-eabi/lib/thumb/v7e-m+fp/hard\libc_nano.a(libc_a-malloc.o)
                0x0800d12c                malloc
 .text.sbrk_aligned
                0x0800d13c       0x44 C:/ST/STM32CubeIDE_1.19.0/STM32CubeIDE/plugins/com.st.stm32cube.ide.mcu.externaltools.gnu-tools-for-stm32.13.3.rel1.win32_1.0.0.202411081344/tools/bin/../lib/gcc/arm-none-eabi/13.3.1/../../../../arm-none-eabi/lib/thumb/v7e-m+fp/hard\libc_nano.a(libc_a-mallocr.o)
 .text._malloc_r
                0x0800d180      0x100 C:/ST/STM32CubeIDE_1.19.0/STM32CubeIDE/plugins/com.st.stm32cube.ide.mcu.externaltools.gnu-tools-for-stm32.13.3.rel1.win32_1.0.0.202411081344/tools/bin/../lib/gcc/arm-none-eabi/13.3.1/../../../../arm-none-eabi/lib/thumb/v7e-m+fp/hard\libc_nano.a(libc_a-mallocr.o)
                0x0800d180                _malloc_r
 .text.__malloc_lock
                0x0800d280        0xc C:/ST/STM32CubeIDE_1.19.0/STM32CubeIDE/plugins/com.st.stm32cube.ide.mcu.externaltools.gnu-tools-for-stm32.13.3.rel1.win32_1.0.0.202411081344/tools/bin/../lib/gcc/arm-none-eabi/13.3.1/../../../../arm-none-eabi/lib/thumb/v7e-m+fp/hard\libc_nano.a(libc_a-mlock.o)
                0x0800d280                __malloc_lock
 .text.__malloc_unlock
                0x0800d28c        0xc C:/ST/STM32CubeIDE_1.19.0/STM32CubeIDE/plugins/com.st.stm32cube.ide.mcu.externaltools.gnu-tools-for-stm32.13.3.rel1.win32_1.0.0.202411081344/tools/bin/../lib/gcc/arm-none-eabi/13.3.1/../../../../arm-none-eabi/lib/thumb/v7e-m+fp/hard\libc_nano.a(libc_a-mlock.o)
                0x0800d28c                __malloc_unlock
 .text.__ssputs_r
                0x0800d298       0xb6 C:/ST/STM32CubeIDE_1.19.0/STM32CubeIDE/plugins/com.st.stm32cube.ide.mcu.externaltools.gnu-tools-for-stm32.13.3.rel1.win32_1.0.0.202411081344/tools/bin/../lib/gcc/arm-none-eabi/13.3.1/../../../../arm-none-eabi/lib/thumb/v7e-m+fp/hard\libc_nano.a(libc_a-nano-svfprintf.o)
                0x0800d298                __ssputs_r
 *fill*         0x0800d34e        0x2 
 .text._svfprintf_r
                0x0800d350      0x1f8 C:/ST/STM32CubeIDE_1.19.0/STM32CubeIDE/plugins/com.st.stm32cube.ide.mcu.externaltools.gnu-tools-for-stm32.13.3.rel1.win32_1.0.0.202411081344/tools/bin/../lib/gcc/arm-none-eabi/13.3.1/../../../../arm-none-eabi/lib/thumb/v7e-m+fp/hard\libc_nano.a(libc_a-nano-svfprintf.o)
                0x0800d350                _svfiprintf_r
                0x0800d350                _svfprintf_r
 .text.__sfputc_r
                0x0800d548       0x2e C:/ST/STM32CubeIDE_1.19.0/STM32CubeIDE/plugins/com.st.stm32cube.ide.mcu.externaltools.gnu-tools-for-stm32.13.3.rel1.win32_1.0.0.202411081344/tools/bin/../lib/gcc/arm-none-eabi/13.3.1/../../../../arm-none-eabi/lib/thumb/v7e-m+fp/hard\libc_nano.a(libc_a-nano-vfprintf.o)
 .text.__sfputs_r
                0x0800d576       0x24 C:/ST/STM32CubeIDE_1.19.0/STM32CubeIDE/plugins/com.st.stm32cube.ide.mcu.externaltools.gnu-tools-for-stm32.13.3.rel1.win32_1.0.0.202411081344/tools/bin/../lib/gcc/arm-none-eabi/13.3.1/../../../../arm-none-eabi/lib/thumb/v7e-m+fp/hard\libc_nano.a(libc_a-nano-vfprintf.o)
                0x0800d576                __sfputs_r
 *fill*         0x0800d59a        0x2 
 .text._vfprintf_r
                0x0800d59c      0x230 C:/ST/STM32CubeIDE_1.19.0/STM32CubeIDE/plugins/com.st.stm32cube.ide.mcu.externaltools.gnu-tools-for-stm32.13.3.rel1.win32_1.0.0.202411081344/tools/bin/../lib/gcc/arm-none-eabi/13.3.1/../../../../arm-none-eabi/lib/thumb/v7e-m+fp/hard\libc_nano.a(libc_a-nano-vfprintf.o)
                0x0800d59c                _vfprintf_r
                0x0800d59c                _vfiprintf_r
 .text._printf_common
                0x0800d7cc       0xda C:/ST/STM32CubeIDE_1.19.0/STM32CubeIDE/plugins/com.st.stm32cube.ide.mcu.externaltools.gnu-tools-for-stm32.13.3.rel1.win32_1.0.0.202411081344/tools/bin/../lib/gcc/arm-none-eabi/13.3.1/../../../../arm-none-eabi/lib/thumb/v7e-m+fp/hard\libc_nano.a(libc_a-nano-vfprintf_i.o)
                0x0800d7cc                _printf_common
 *fill*         0x0800d8a6        0x2 
 .text._printf_i
                0x0800d8a8      0x23c C:/ST/STM32CubeIDE_1.19.0/STM32CubeIDE/plugins/com.st.stm32cube.ide.mcu.externaltools.gnu-tools-for-stm32.13.3.rel1.win32_1.0.0.202411081344/tools/bin/../lib/gcc/arm-none-eabi/13.3.1/../../../../arm-none-eabi/lib/thumb/v7e-m+fp/hard\libc_nano.a(libc_a-nano-vfprintf_i.o)
                0x0800d8a8                _printf_i
 .text.__sflush_r
                0x0800dae4      0x108 C:/ST/STM32CubeIDE_1.19.0/STM32CubeIDE/plugins/com.st.stm32cube.ide.mcu.externaltools.gnu-tools-for-stm32.13.3.rel1.win32_1.0.0.202411081344/tools/bin/../lib/gcc/arm-none-eabi/13.3.1/../../../../arm-none-eabi/lib/thumb/v7e-m+fp/hard\libc_nano.a(libc_a-fflush.o)
                0x0800dae4                __sflush_r
 .text._fflush_r
                0x0800dbec       0x50 C:/ST/STM32CubeIDE_1.19.0/STM32CubeIDE/plugins/com.st.stm32cube.ide.mcu.externaltools.gnu-tools-for-stm32.13.3.rel1.win32_1.0.0.202411081344/tools/bin/../lib/gcc/arm-none-eabi/13.3.1/../../../../arm-none-eabi/lib/thumb/v7e-m+fp/hard\libc_nano.a(libc_a-fflush.o)
                0x0800dbec                _fflush_r
 .text.fprintf  0x0800dc3c       0x24 C:/ST/STM32CubeIDE_1.19.0/STM32CubeIDE/plugins/com.st.stm32cube.ide.mcu.externaltools.gnu-tools-for-stm32.13.3.rel1.win32_1.0.0.202411081344/tools/bin/../lib/gcc/arm-none-eabi/13.3.1/../../../../arm-none-eabi/lib/thumb/v7e-m+fp/hard\libc_nano.a(libc_a-fprintf.o)
                0x0800dc3c                fiprintf
                0x0800dc3c                fprintf
 .text.__swhatbuf_r
                0x0800dc60       0x4c C:/ST/STM32CubeIDE_1.19.0/STM32CubeIDE/plugins/com.st.stm32cube.ide.mcu.externaltools.gnu-tools-for-stm32.13.3.rel1.win32_1.0.0.202411081344/tools/bin/../lib/gcc/arm-none-eabi/13.3.1/../../../../arm-none-eabi/lib/thumb/v7e-m+fp/hard\libc_nano.a(libc_a-makebuf.o)
                0x0800dc60                __swhatbuf_r
 .text.__smakebuf_r
                0x0800dcac       0x78 C:/ST/STM32CubeIDE_1.19.0/STM32CubeIDE/plugins/com.st.stm32cube.ide.mcu.externaltools.gnu-tools-for-stm32.13.3.rel1.win32_1.0.0.202411081344/tools/bin/../lib/gcc/arm-none-eabi/13.3.1/../../../../arm-none-eabi/lib/thumb/v7e-m+fp/hard\libc_nano.a(libc_a-makebuf.o)
                0x0800dcac                __smakebuf_r
 .text.memmove  0x0800dd24       0x34 C:/ST/STM32CubeIDE_1.19.0/STM32CubeIDE/plugins/com.st.stm32cube.ide.mcu.externaltools.gnu-tools-for-stm32.13.3.rel1.win32_1.0.0.202411081344/tools/bin/../lib/gcc/arm-none-eabi/13.3.1/../../../../arm-none-eabi/lib/thumb/v7e-m+fp/hard\libc_nano.a(libc_a-memmove.o)
                0x0800dd24                memmove
 .text._fstat_r
                0x0800dd58       0x24 C:/ST/STM32CubeIDE_1.19.0/STM32CubeIDE/plugins/com.st.stm32cube.ide.mcu.externaltools.gnu-tools-for-stm32.13.3.rel1.win32_1.0.0.202411081344/tools/bin/../lib/gcc/arm-none-eabi/13.3.1/../../../../arm-none-eabi/lib/thumb/v7e-m+fp/hard\libc_nano.a(libc_a-fstatr.o)
                0x0800dd58                _fstat_r
 .text._isatty_r
                0x0800dd7c       0x20 C:/ST/STM32CubeIDE_1.19.0/STM32CubeIDE/plugins/com.st.stm32cube.ide.mcu.externaltools.gnu-tools-for-stm32.13.3.rel1.win32_1.0.0.202411081344/tools/bin/../lib/gcc/arm-none-eabi/13.3.1/../../../../arm-none-eabi/lib/thumb/v7e-m+fp/hard\libc_nano.a(libc_a-isattyr.o)
                0x0800dd7c                _isatty_r
 .text._sbrk_r  0x0800dd9c       0x20 C:/ST/STM32CubeIDE_1.19.0/STM32CubeIDE/plugins/com.st.stm32cube.ide.mcu.externaltools.gnu-tools-for-stm32.13.3.rel1.win32_1.0.0.202411081344/tools/bin/../lib/gcc/arm-none-eabi/13.3.1/../../../../arm-none-eabi/lib/thumb/v7e-m+fp/hard\libc_nano.a(libc_a-sbrkr.o)
                0x0800dd9c                _sbrk_r
 .text.abort    0x0800ddbc        0xe C:/ST/STM32CubeIDE_1.19.0/STM32CubeIDE/plugins/com.st.stm32cube.ide.mcu.externaltools.gnu-tools-for-stm32.13.3.rel1.win32_1.0.0.202411081344/tools/bin/../lib/gcc/arm-none-eabi/13.3.1/../../../../arm-none-eabi/lib/thumb/v7e-m+fp/hard\libc_nano.a(libc_a-abort.o)
                0x0800ddbc                abort
 .text._realloc_r
                0x0800ddca       0x5c C:/ST/STM32CubeIDE_1.19.0/STM32CubeIDE/plugins/com.st.stm32cube.ide.mcu.externaltools.gnu-tools-for-stm32.13.3.rel1.win32_1.0.0.202411081344/tools/bin/../lib/gcc/arm-none-eabi/13.3.1/../../../../arm-none-eabi/lib/thumb/v7e-m+fp/hard\libc_nano.a(libc_a-reallocr.o)
                0x0800ddca                _realloc_r
 .text._raise_r
                0x0800de26       0x50 C:/ST/STM32CubeIDE_1.19.0/STM32CubeIDE/plugins/com.st.stm32cube.ide.mcu.externaltools.gnu-tools-for-stm32.13.3.rel1.win32_1.0.0.202411081344/tools/bin/../lib/gcc/arm-none-eabi/13.3.1/../../../../arm-none-eabi/lib/thumb/v7e-m+fp/hard\libc_nano.a(libc_a-signal.o)
                0x0800de26                _raise_r
 *fill*         0x0800de76        0x2 
 .text.raise    0x0800de78       0x10 C:/ST/STM32CubeIDE_1.19.0/STM32CubeIDE/plugins/com.st.stm32cube.ide.mcu.externaltools.gnu-tools-for-stm32.13.3.rel1.win32_1.0.0.202411081344/tools/bin/../lib/gcc/arm-none-eabi/13.3.1/../../../../arm-none-eabi/lib/thumb/v7e-m+fp/hard\libc_nano.a(libc_a-signal.o)
                0x0800de78                raise
 .text._kill_r  0x0800de88       0x24 C:/ST/STM32CubeIDE_1.19.0/STM32CubeIDE/plugins/com.st.stm32cube.ide.mcu.externaltools.gnu-tools-for-stm32.13.3.rel1.win32_1.0.0.202411081344/tools/bin/../lib/gcc/arm-none-eabi/13.3.1/../../../../arm-none-eabi/lib/thumb/v7e-m+fp/hard\libc_nano.a(libc_a-signalr.o)
                0x0800de88                _kill_r
 .text._getpid_r
                0x0800deac        0x4 C:/ST/STM32CubeIDE_1.19.0/STM32CubeIDE/plugins/com.st.stm32cube.ide.mcu.externaltools.gnu-tools-for-stm32.13.3.rel1.win32_1.0.0.202411081344/tools/bin/../lib/gcc/arm-none-eabi/13.3.1/../../../../arm-none-eabi/lib/thumb/v7e-m+fp/hard\libc_nano.a(libc_a-signalr.o)
                0x0800deac                _getpid_r
 .text._malloc_usable_size_r
                0x0800deb0       0x10 C:/ST/STM32CubeIDE_1.19.0/STM32CubeIDE/plugins/com.st.stm32cube.ide.mcu.externaltools.gnu-tools-for-stm32.13.3.rel1.win32_1.0.0.202411081344/tools/bin/../lib/gcc/arm-none-eabi/13.3.1/../../../../arm-none-eabi/lib/thumb/v7e-m+fp/hard\libc_nano.a(libc_a-msizer.o)
                0x0800deb0                _malloc_usable_size_r
 *(.glue_7)
 .glue_7        0x0800dec0        0x0 linker stubs
 *(.glue_7t)
 .glue_7t       0x0800dec0        0x0 linker stubs
 *(.eh_frame)
 .eh_frame      0x0800dec0        0x0 C:/ST/STM32CubeIDE_1.19.0/STM32CubeIDE/plugins/com.st.stm32cube.ide.mcu.externaltools.gnu-tools-for-stm32.13.3.rel1.win32_1.0.0.202411081344/tools/bin/../lib/gcc/arm-none-eabi/13.3.1/thumb/v7e-m+fp/hard/crtbegin.o
 *(.init)
 .init          0x0800dec0        0x4 C:/ST/STM32CubeIDE_1.19.0/STM32CubeIDE/plugins/com.st.stm32cube.ide.mcu.externaltools.gnu-tools-for-stm32.13.3.rel1.win32_1.0.0.202411081344/tools/bin/../lib/gcc/arm-none-eabi/13.3.1/thumb/v7e-m+fp/hard/crti.o
                0x0800dec0                _init
 .init          0x0800dec4        0x8 C:/ST/STM32CubeIDE_1.19.0/STM32CubeIDE/plugins/com.st.stm32cube.ide.mcu.externaltools.gnu-tools-for-stm32.13.3.rel1.win32_1.0.0.202411081344/tools/bin/../lib/gcc/arm-none-eabi/13.3.1/thumb/v7e-m+fp/hard/crtn.o
 *(.fini)
 .fini          0x0800decc        0x4 C:/ST/STM32CubeIDE_1.19.0/STM32CubeIDE/plugins/com.st.stm32cube.ide.mcu.externaltools.gnu-tools-for-stm32.13.3.rel1.win32_1.0.0.202411081344/tools/bin/../lib/gcc/arm-none-eabi/13.3.1/thumb/v7e-m+fp/hard/crti.o
                0x0800decc                _fini
 .fini          0x0800ded0        0x8 C:/ST/STM32CubeIDE_1.19.0/STM32CubeIDE/plugins/com.st.stm32cube.ide.mcu.externaltools.gnu-tools-for-stm32.13.3.rel1.win32_1.0.0.202411081344/tools/bin/../lib/gcc/arm-none-eabi/13.3.1/thumb/v7e-m+fp/hard/crtn.o
                0x0800ded8                        . = ALIGN (0x4)
                0x0800ded8                        _etext = .

.vfp11_veneer   0x0800ded8        0x0
 .vfp11_veneer  0x0800ded8        0x0 linker stubs

.v4_bx          0x0800ded8        0x0
 .v4_bx         0x0800ded8        0x0 linker stubs

.iplt           0x0800ded8        0x0
 .iplt          0x0800ded8        0x0 C:/ST/STM32CubeIDE_1.19.0/STM32CubeIDE/plugins/com.st.stm32cube.ide.mcu.externaltools.gnu-tools-for-stm32.13.3.rel1.win32_1.0.0.202411081344/tools/bin/../lib/gcc/arm-none-eabi/13.3.1/thumb/v7e-m+fp/hard/crtbegin.o

.rodata         0x0800ded8     0x1f74
                0x0800ded8                        . = ALIGN (0x4)
 *(.rodata)
 .rodata        0x0800ded8     0x1d62 ./Core/Src/freertos.o
 *fill*         0x0800fc3a        0x2 
 .rodata        0x0800fc3c        0x5 ./Middlewares/Third_Party/FreeRTOS/Source/tasks.o
 *fill*         0x0800fc41        0x3 
 .rodata        0x0800fc44        0xd ./Middlewares/Third_Party/FreeRTOS/Source/timers.o
 *(.rodata*)
 *fill*         0x0800fc51        0x3 
 .rodata.AHBPrescTable
                0x0800fc54       0x10 ./Core/Src/system_stm32f4xx.o
                0x0800fc54                AHBPrescTable
 .rodata.APBPrescTable
                0x0800fc64        0x8 ./Core/Src/system_stm32f4xx.o
                0x0800fc64                APBPrescTable
 .rodata.srand.str1.1
                0x0800fc6c       0xde C:/ST/STM32CubeIDE_1.19.0/STM32CubeIDE/plugins/com.st.stm32cube.ide.mcu.externaltools.gnu-tools-for-stm32.13.3.rel1.win32_1.0.0.202411081344/tools/bin/../lib/gcc/arm-none-eabi/13.3.1/../../../../arm-none-eabi/lib/thumb/v7e-m+fp/hard\libc_nano.a(libc_a-rand.o)
                                 0x6f (size before relaxing)
 .rodata._ctype_
                0x0800fd4a      0x101 C:/ST/STM32CubeIDE_1.19.0/STM32CubeIDE/plugins/com.st.stm32cube.ide.mcu.externaltools.gnu-tools-for-stm32.13.3.rel1.win32_1.0.0.202411081344/tools/bin/../lib/gcc/arm-none-eabi/13.3.1/../../../../arm-none-eabi/lib/thumb/v7e-m+fp/hard\libc_nano.a(libc_a-ctype_.o)
                0x0800fd4a                _ctype_
 .rodata.__assert_func.str1.1
                0x0800fe4b       0x3d C:/ST/STM32CubeIDE_1.19.0/STM32CubeIDE/plugins/com.st.stm32cube.ide.mcu.externaltools.gnu-tools-for-stm32.13.3.rel1.win32_1.0.0.202411081344/tools/bin/../lib/gcc/arm-none-eabi/13.3.1/../../../../arm-none-eabi/lib/thumb/v7e-m+fp/hard\libc_nano.a(libc_a-assert.o)
 .rodata._svfprintf_r.str1.1
                0x0800fe4b       0x11 C:/ST/STM32CubeIDE_1.19.0/STM32CubeIDE/plugins/com.st.stm32cube.ide.mcu.externaltools.gnu-tools-for-stm32.13.3.rel1.win32_1.0.0.202411081344/tools/bin/../lib/gcc/arm-none-eabi/13.3.1/../../../../arm-none-eabi/lib/thumb/v7e-m+fp/hard\libc_nano.a(libc_a-nano-svfprintf.o)
 .rodata._vfprintf_r.str1.1
                0x0800fe4b       0x11 C:/ST/STM32CubeIDE_1.19.0/STM32CubeIDE/plugins/com.st.stm32cube.ide.mcu.externaltools.gnu-tools-for-stm32.13.3.rel1.win32_1.0.0.202411081344/tools/bin/../lib/gcc/arm-none-eabi/13.3.1/../../../../arm-none-eabi/lib/thumb/v7e-m+fp/hard\libc_nano.a(libc_a-nano-vfprintf.o)
 .rodata._printf_i.str1.1
                0x0800fe4b       0x22 C:/ST/STM32CubeIDE_1.19.0/STM32CubeIDE/plugins/com.st.stm32cube.ide.mcu.externaltools.gnu-tools-for-stm32.13.3.rel1.win32_1.0.0.202411081344/tools/bin/../lib/gcc/arm-none-eabi/13.3.1/../../../../arm-none-eabi/lib/thumb/v7e-m+fp/hard\libc_nano.a(libc_a-nano-vfprintf_i.o)
                0x0800fe88                        . = ALIGN (0x4)
 *fill*         0x0800fe4b        0x1 

.ARM.extab      0x0800fe4c        0x0
                0x0800fe4c                        . = ALIGN (0x4)
 *(.ARM.extab* .gnu.linkonce.armextab.*)
                0x0800fe4c                        . = ALIGN (0x4)

.ARM            0x0800fe4c        0x8
                0x0800fe4c                        . = ALIGN (0x4)
                0x0800fe4c                        __exidx_start = .
 *(.ARM.exidx*)
 .ARM.exidx     0x0800fe4c        0x8 C:/ST/STM32CubeIDE_1.19.0/STM32CubeIDE/plugins/com.st.stm32cube.ide.mcu.externaltools.gnu-tools-for-stm32.13.3.rel1.win32_1.0.0.202411081344/tools/bin/../lib/gcc/arm-none-eabi/13.3.1/../../../../arm-none-eabi/lib/thumb/v7e-m+fp/hard\libc_nano.a(libc_a-strcmp.o)
 .ARM.exidx     0x0800fe54        0x0 C:/ST/STM32CubeIDE_1.19.0/STM32CubeIDE/plugins/com.st.stm32cube.ide.mcu.externaltools.gnu-tools-for-stm32.13.3.rel1.win32_1.0.0.202411081344/tools/bin/../lib/gcc/arm-none-eabi/13.3.1/../../../../arm-none-eabi/lib/thumb/v7e-m+fp/hard\libc_nano.a(libc_a-strlen.o)
                                  0x8 (size before relaxing)
 .ARM.exidx     0x0800fe54        0x0 C:/ST/STM32CubeIDE_1.19.0/STM32CubeIDE/plugins/com.st.stm32cube.ide.mcu.externaltools.gnu-tools-for-stm32.13.3.rel1.win32_1.0.0.202411081344/tools/bin/../lib/gcc/arm-none-eabi/13.3.1/../../../../arm-none-eabi/lib/thumb/v7e-m+fp/hard\libc_nano.a(libc_a-memchr.o)
                                  0x8 (size before relaxing)
 .ARM.exidx     0x0800fe54        0x0 C:/ST/STM32CubeIDE_1.19.0/STM32CubeIDE/plugins/com.st.stm32cube.ide.mcu.externaltools.gnu-tools-for-stm32.13.3.rel1.win32_1.0.0.202411081344/tools/bin/../lib/gcc/arm-none-eabi/13.3.1/thumb/v7e-m+fp/hard\libgcc.a(_udivmoddi4.o)
                                  0x8 (size before relaxing)
                0x0800fe54                        __exidx_end = .
                0x0800fe54                        . = ALIGN (0x4)

.preinit_array  0x0800fe54        0x0
                0x0800fe54                        . = ALIGN (0x4)
                0x0800fe54                        PROVIDE (__preinit_array_start = .)
 *(.preinit_array*)
                0x0800fe54                        PROVIDE (__preinit_array_end = .)
                0x0800fe54                        . = ALIGN (0x4)

.init_array     0x0800fe54        0x4
                0x0800fe54                        . = ALIGN (0x4)
                0x0800fe54                        PROVIDE (__init_array_start = .)
 *(SORT_BY_NAME(.init_array.*))
 *(.init_array*)
 .init_array    0x0800fe54        0x4 C:/ST/STM32CubeIDE_1.19.0/STM32CubeIDE/plugins/com.st.stm32cube.ide.mcu.externaltools.gnu-tools-for-stm32.13.3.rel1.win32_1.0.0.202411081344/tools/bin/../lib/gcc/arm-none-eabi/13.3.1/thumb/v7e-m+fp/hard/crtbegin.o
                0x0800fe58                        PROVIDE (__init_array_end = .)
                0x0800fe58                        . = ALIGN (0x4)

.fini_array     0x0800fe58        0x4
                0x0800fe58                        . = ALIGN (0x4)
                [!provide]                        PROVIDE (__fini_array_start = .)
 *(SORT_BY_NAME(.fini_array.*))
 *(.fini_array*)
 .fini_array    0x0800fe58        0x4 C:/ST/STM32CubeIDE_1.19.0/STM32CubeIDE/plugins/com.st.stm32cube.ide.mcu.externaltools.gnu-tools-for-stm32.13.3.rel1.win32_1.0.0.202411081344/tools/bin/../lib/gcc/arm-none-eabi/13.3.1/thumb/v7e-m+fp/hard/crtbegin.o
                [!provide]                        PROVIDE (__fini_array_end = .)
                0x0800fe5c                        . = ALIGN (0x4)
                0x0800fe5c                        _sidata = LOADADDR (.data)

.rel.dyn        0x0800fe5c        0x0
 .rel.iplt      0x0800fe5c        0x0 C:/ST/STM32CubeIDE_1.19.0/STM32CubeIDE/plugins/com.st.stm32cube.ide.mcu.externaltools.gnu-tools-for-stm32.13.3.rel1.win32_1.0.0.202411081344/tools/bin/../lib/gcc/arm-none-eabi/13.3.1/thumb/v7e-m+fp/hard/crtbegin.o

.data           0x20000000       0x98 load address 0x0800fe5c
                0x20000000                        . = ALIGN (0x4)
                0x20000000                        _sdata = .
 *(.data)
 *(.data*)
 .data.contadorPedidos
                0x20000000        0x4 ./Core/Src/freertos.o
                0x20000000                contadorPedidos
 .data.last_queue.1
                0x20000004       0x28 ./Core/Src/freertos.o
 .data.SystemCoreClock
                0x2000002c        0x4 ./Core/Src/system_stm32f4xx.o
                0x2000002c                SystemCoreClock
 .data.uwTickPrio
                0x20000030        0x4 ./Drivers/STM32F4xx_HAL_Driver/Src/stm32f4xx_hal.o
                0x20000030                uwTickPrio
 .data.uwTickFreq
                0x20000034        0x1 ./Drivers/STM32F4xx_HAL_Driver/Src/stm32f4xx_hal.o
                0x20000034                uwTickFreq
 *fill*         0x20000035        0x3 
 .data.uxCriticalNesting
                0x20000038        0x4 ./Middlewares/Third_Party/FreeRTOS/Source/portable/GCC/ARM_CM4F/port.o
 .data.__sglue  0x2000003c        0xc C:/ST/STM32CubeIDE_1.19.0/STM32CubeIDE/plugins/com.st.stm32cube.ide.mcu.externaltools.gnu-tools-for-stm32.13.3.rel1.win32_1.0.0.202411081344/tools/bin/../lib/gcc/arm-none-eabi/13.3.1/../../../../arm-none-eabi/lib/thumb/v7e-m+fp/hard\libc_nano.a(libc_a-findfp.o)
                0x2000003c                __sglue
 .data._impure_ptr
                0x20000048        0x4 C:/ST/STM32CubeIDE_1.19.0/STM32CubeIDE/plugins/com.st.stm32cube.ide.mcu.externaltools.gnu-tools-for-stm32.13.3.rel1.win32_1.0.0.202411081344/tools/bin/../lib/gcc/arm-none-eabi/13.3.1/../../../../arm-none-eabi/lib/thumb/v7e-m+fp/hard\libc_nano.a(libc_a-impure.o)
                0x20000048                _impure_ptr
 .data._impure_data
                0x2000004c       0x4c C:/ST/STM32CubeIDE_1.19.0/STM32CubeIDE/plugins/com.st.stm32cube.ide.mcu.externaltools.gnu-tools-for-stm32.13.3.rel1.win32_1.0.0.202411081344/tools/bin/../lib/gcc/arm-none-eabi/13.3.1/../../../../arm-none-eabi/lib/thumb/v7e-m+fp/hard\libc_nano.a(libc_a-impure.o)
                0x2000004c                _impure_data
 *(.RamFunc)
 *(.RamFunc*)
                0x20000098                        . = ALIGN (0x4)
                0x20000098                        _edata = .

.igot.plt       0x20000098        0x0 load address 0x0800fef4
 .igot.plt      0x20000098        0x0 C:/ST/STM32CubeIDE_1.19.0/STM32CubeIDE/plugins/com.st.stm32cube.ide.mcu.externaltools.gnu-tools-for-stm32.13.3.rel1.win32_1.0.0.202411081344/tools/bin/../lib/gcc/arm-none-eabi/13.3.1/thumb/v7e-m+fp/hard/crtbegin.o
                0x20000098                        . = ALIGN (0x4)

.bss            0x20000098    0x10a5c load address 0x0800fef4
                0x20000098                        _sbss = .
                0x20000098                        __bss_start__ = _sbss
 *(.bss)
 .bss           0x20000098       0x1c C:/ST/STM32CubeIDE_1.19.0/STM32CubeIDE/plugins/com.st.stm32cube.ide.mcu.externaltools.gnu-tools-for-stm32.13.3.rel1.win32_1.0.0.202411081344/tools/bin/../lib/gcc/arm-none-eabi/13.3.1/thumb/v7e-m+fp/hard/crtbegin.o
 *(.bss*)
 .bss.metricas  0x200000b4       0x24 ./Core/Src/freertos.o
                0x200000b4                metricas
 .bss.queueRx   0x200000d8        0x4 ./Core/Src/freertos.o
                0x200000d8                queueRx
 .bss.queuePedidos
                0x200000dc        0x4 ./Core/Src/freertos.o
                0x200000dc                queuePedidos
 .bss.queueButton
                0x200000e0        0x4 ./Core/Src/freertos.o
                0x200000e0                queueButton
 .bss.queuePedidosListos
                0x200000e4        0x4 ./Core/Src/freertos.o
                0x200000e4                queuePedidosListos
 .bss.rxByte    0x200000e8        0x1 ./Core/Src/freertos.o
                0x200000e8                rxByte
 *fill*         0x200000e9        0x3 
 .bss.sistema   0x200000ec     0x47d8 ./Core/Src/freertos.o
                0x200000ec                sistema
 .bss.sistemaInicializado
                0x200048c4        0x4 ./Core/Src/freertos.o
                0x200048c4                sistemaInicializado
 .bss.semCapacidadCola
                0x200048c8        0x4 ./Core/Src/freertos.o
                0x200048c8                semCapacidadCola
 .bss.eventGroupPedidos
                0x200048cc        0x4 ./Core/Src/freertos.o
                0x200048cc                eventGroupPedidos
 .bss.mutexSistema
                0x200048d0        0x4 ./Core/Src/freertos.o
                0x200048d0                mutexSistema
 .bss.mutexRepartidores
                0x200048d4       0x28 ./Core/Src/freertos.o
                0x200048d4                mutexRepartidores
 .bss.mutexRestaurantes
                0x200048fc       0x28 ./Core/Src/freertos.o
                0x200048fc                mutexRestaurantes
 .bss.indiceMotoristaRR
                0x20004924        0x4 ./Core/Src/freertos.o
                0x20004924                indiceMotoristaRR
 .bss.TaskTxHandle
                0x20004928        0x4 ./Core/Src/freertos.o
                0x20004928                TaskTxHandle
 .bss.TaskRxHandle
                0x2000492c        0x4 ./Core/Src/freertos.o
                0x2000492c                TaskRxHandle
 .bss.TaskRestaurantesHandle
                0x20004930        0x4 ./Core/Src/freertos.o
                0x20004930                TaskRestaurantesHandle
 .bss.TaskRepartidoresHandle
                0x20004934        0x4 ./Core/Src/freertos.o
                0x20004934                TaskRepartidoresHandle
 .bss.TaskAsignadorHandle
                0x20004938        0x4 ./Core/Src/freertos.o
                0x20004938                TaskAsignadorHandle
 .bss.gscore.5  0x2000493c     0x1900 ./Core/Src/freertos.o
 .bss.cerrado.4
                0x2000623c     0x1900 ./Core/Src/freertos.o
 .bss.padre.3   0x20007b3c     0x3200 ./Core/Src/freertos.o
 .bss.temp.2    0x2000ad3c       0xc8 ./Core/Src/freertos.o
 .bss.lastTime.0
                0x2000ae04        0x4 ./Core/Src/freertos.o
 .bss.__sbrk_heap_end
                0x2000ae08        0x4 ./Core/Src/sysmem.o
 .bss.huart2    0x2000ae0c       0x48 ./Core/Src/usart.o
                0x2000ae0c                huart2
 .bss.uwTick    0x2000ae54        0x4 ./Drivers/STM32F4xx_HAL_Driver/Src/stm32f4xx_hal.o
                0x2000ae54                uwTick
 .bss.KernelState
                0x2000ae58        0x4 ./Middlewares/Third_Party/FreeRTOS/Source/CMSIS_RTOS_V2/cmsis_os2.o
 .bss.Idle_TCB.3
                0x2000ae5c       0x5c ./Middlewares/Third_Party/FreeRTOS/Source/CMSIS_RTOS_V2/cmsis_os2.o
 .bss.Idle_Stack.2
                0x2000aeb8      0x800 ./Middlewares/Third_Party/FreeRTOS/Source/CMSIS_RTOS_V2/cmsis_os2.o
 .bss.Timer_TCB.1
                0x2000b6b8       0x5c ./Middlewares/Third_Party/FreeRTOS/Source/CMSIS_RTOS_V2/cmsis_os2.o
 .bss.Timer_Stack.0
                0x2000b714     0x1000 ./Middlewares/Third_Party/FreeRTOS/Source/CMSIS_RTOS_V2/cmsis_os2.o
 .bss.xQueueRegistry
                0x2000c714       0x40 ./Middlewares/Third_Party/FreeRTOS/Source/queue.o
                0x2000c714                xQueueRegistry
 .bss.pxCurrentTCB
                0x2000c754        0x4 ./Middlewares/Third_Party/FreeRTOS/Source/tasks.o
                0x2000c754                pxCurrentTCB
 .bss.pxReadyTasksLists
                0x2000c758      0x460 ./Middlewares/Third_Party/FreeRTOS/Source/tasks.o
 .bss.xDelayedTaskList1
                0x2000cbb8       0x14 ./Middlewares/Third_Party/FreeRTOS/Source/tasks.o
 .bss.xDelayedTaskList2
                0x2000cbcc       0x14 ./Middlewares/Third_Party/FreeRTOS/Source/tasks.o
 .bss.pxDelayedTaskList
                0x2000cbe0        0x4 ./Middlewares/Third_Party/FreeRTOS/Source/tasks.o
 .bss.pxOverflowDelayedTaskList
                0x2000cbe4        0x4 ./Middlewares/Third_Party/FreeRTOS/Source/tasks.o
 .bss.xPendingReadyList
                0x2000cbe8       0x14 ./Middlewares/Third_Party/FreeRTOS/Source/tasks.o
 .bss.xTasksWaitingTermination
                0x2000cbfc       0x14 ./Middlewares/Third_Party/FreeRTOS/Source/tasks.o
 .bss.uxDeletedTasksWaitingCleanUp
                0x2000cc10        0x4 ./Middlewares/Third_Party/FreeRTOS/Source/tasks.o
 .bss.xSuspendedTaskList
                0x2000cc14       0x14 ./Middlewares/Third_Party/FreeRTOS/Source/tasks.o
 .bss.uxCurrentNumberOfTasks
                0x2000cc28        0x4 ./Middlewares/Third_Party/FreeRTOS/Source/tasks.o
 .bss.xTickCount
                0x2000cc2c        0x4 ./Middlewares/Third_Party/FreeRTOS/Source/tasks.o
 .bss.uxTopReadyPriority
                0x2000cc30        0x4 ./Middlewares/Third_Party/FreeRTOS/Source/tasks.o
 .bss.xSchedulerRunning
                0x2000cc34        0x4 ./Middlewares/Third_Party/FreeRTOS/Source/tasks.o
 .bss.xPendedTicks
                0x2000cc38        0x4 ./Middlewares/Third_Party/FreeRTOS/Source/tasks.o
 .bss.xYieldPending
                0x2000cc3c        0x4 ./Middlewares/Third_Party/FreeRTOS/Source/tasks.o
 .bss.xNumOfOverflows
                0x2000cc40        0x4 ./Middlewares/Third_Party/FreeRTOS/Source/tasks.o
 .bss.uxTaskNumber
                0x2000cc44        0x4 ./Middlewares/Third_Party/FreeRTOS/Source/tasks.o
 .bss.xNextTaskUnblockTime
                0x2000cc48        0x4 ./Middlewares/Third_Party/FreeRTOS/Source/tasks.o
 .bss.xIdleTaskHandle
                0x2000cc4c        0x4 ./Middlewares/Third_Party/FreeRTOS/Source/tasks.o
 .bss.uxSchedulerSuspended
                0x2000cc50        0x4 ./Middlewares/Third_Party/FreeRTOS/Source/tasks.o
 .bss.xActiveTimerList1
                0x2000cc54       0x14 ./Middlewares/Third_Party/FreeRTOS/Source/timers.o
 .bss.xActiveTimerList2
                0x2000cc68       0x14 ./Middlewares/Third_Party/FreeRTOS/Source/timers.o
 .bss.pxCurrentTimerList
                0x2000cc7c        0x4 ./Middlewares/Third_Party/FreeRTOS/Source/timers.o
 .bss.pxOverflowTimerList
                0x2000cc80        0x4 ./Middlewares/Third_Party/FreeRTOS/Source/timers.o
 .bss.xTimerQueue
                0x2000cc84        0x4 ./Middlewares/Third_Party/FreeRTOS/Source/timers.o
 .bss.xTimerTaskHandle
                0x2000cc88        0x4 ./Middlewares/Third_Party/FreeRTOS/Source/timers.o
 .bss.xLastTime.2
                0x2000cc8c        0x4 ./Middlewares/Third_Party/FreeRTOS/Source/timers.o
 .bss.ucStaticTimerQueueStorage.1
                0x2000cc90       0xa0 ./Middlewares/Third_Party/FreeRTOS/Source/timers.o
 .bss.xStaticTimerQueue.0
                0x2000cd30       0x50 ./Middlewares/Third_Party/FreeRTOS/Source/timers.o
 .bss.ucMaxSysCallPriority
                0x2000cd80        0x1 ./Middlewares/Third_Party/FreeRTOS/Source/portable/GCC/ARM_CM4F/port.o
 *fill*         0x2000cd81        0x3 
 .bss.ulMaxPRIGROUPValue
                0x2000cd84        0x4 ./Middlewares/Third_Party/FreeRTOS/Source/portable/GCC/ARM_CM4F/port.o
 .bss.ucHeap    0x2000cd88     0x3c00 ./Middlewares/Third_Party/FreeRTOS/Source/portable/MemMang/heap_4.o
 .bss.xStart    0x20010988        0x8 ./Middlewares/Third_Party/FreeRTOS/Source/portable/MemMang/heap_4.o
 .bss.pxEnd     0x20010990        0x4 ./Middlewares/Third_Party/FreeRTOS/Source/portable/MemMang/heap_4.o
 .bss.xFreeBytesRemaining
                0x20010994        0x4 ./Middlewares/Third_Party/FreeRTOS/Source/portable/MemMang/heap_4.o
 .bss.xMinimumEverFreeBytesRemaining
                0x20010998        0x4 ./Middlewares/Third_Party/FreeRTOS/Source/portable/MemMang/heap_4.o
 .bss.xNumberOfSuccessfulAllocations
                0x2001099c        0x4 ./Middlewares/Third_Party/FreeRTOS/Source/portable/MemMang/heap_4.o
 .bss.xNumberOfSuccessfulFrees
                0x200109a0        0x4 ./Middlewares/Third_Party/FreeRTOS/Source/portable/MemMang/heap_4.o
 .bss.xBlockAllocatedBit
                0x200109a4        0x4 ./Middlewares/Third_Party/FreeRTOS/Source/portable/MemMang/heap_4.o
 .bss.__sf      0x200109a8      0x138 C:/ST/STM32CubeIDE_1.19.0/STM32CubeIDE/plugins/com.st.stm32cube.ide.mcu.externaltools.gnu-tools-for-stm32.13.3.rel1.win32_1.0.0.202411081344/tools/bin/../lib/gcc/arm-none-eabi/13.3.1/../../../../arm-none-eabi/lib/thumb/v7e-m+fp/hard\libc_nano.a(libc_a-findfp.o)
                0x200109a8                __sf
 .bss.__stdio_exit_handler
                0x20010ae0        0x4 C:/ST/STM32CubeIDE_1.19.0/STM32CubeIDE/plugins/com.st.stm32cube.ide.mcu.externaltools.gnu-tools-for-stm32.13.3.rel1.win32_1.0.0.202411081344/tools/bin/../lib/gcc/arm-none-eabi/13.3.1/../../../../arm-none-eabi/lib/thumb/v7e-m+fp/hard\libc_nano.a(libc_a-findfp.o)
                0x20010ae0                __stdio_exit_handler
 .bss.errno     0x20010ae4        0x4 C:/ST/STM32CubeIDE_1.19.0/STM32CubeIDE/plugins/com.st.stm32cube.ide.mcu.externaltools.gnu-tools-for-stm32.13.3.rel1.win32_1.0.0.202411081344/tools/bin/../lib/gcc/arm-none-eabi/13.3.1/../../../../arm-none-eabi/lib/thumb/v7e-m+fp/hard\libc_nano.a(libc_a-reent.o)
                0x20010ae4                errno
 .bss.__lock___malloc_recursive_mutex
                0x20010ae8        0x1 C:/ST/STM32CubeIDE_1.19.0/STM32CubeIDE/plugins/com.st.stm32cube.ide.mcu.externaltools.gnu-tools-for-stm32.13.3.rel1.win32_1.0.0.202411081344/tools/bin/../lib/gcc/arm-none-eabi/13.3.1/../../../../arm-none-eabi/lib/thumb/v7e-m+fp/hard\libc_nano.a(libc_a-lock.o)
                0x20010ae8                __lock___malloc_recursive_mutex
 .bss.__lock___sfp_recursive_mutex
                0x20010ae9        0x1 C:/ST/STM32CubeIDE_1.19.0/STM32CubeIDE/plugins/com.st.stm32cube.ide.mcu.externaltools.gnu-tools-for-stm32.13.3.rel1.win32_1.0.0.202411081344/tools/bin/../lib/gcc/arm-none-eabi/13.3.1/../../../../arm-none-eabi/lib/thumb/v7e-m+fp/hard\libc_nano.a(libc_a-lock.o)
                0x20010ae9                __lock___sfp_recursive_mutex
 *fill*         0x20010aea        0x2 
 .bss.__malloc_sbrk_start
                0x20010aec        0x4 C:/ST/STM32CubeIDE_1.19.0/STM32CubeIDE/plugins/com.st.stm32cube.ide.mcu.externaltools.gnu-tools-for-stm32.13.3.rel1.win32_1.0.0.202411081344/tools/bin/../lib/gcc/arm-none-eabi/13.3.1/../../../../arm-none-eabi/lib/thumb/v7e-m+fp/hard\libc_nano.a(libc_a-mallocr.o)
                0x20010aec                __malloc_sbrk_start
 .bss.__malloc_free_list
                0x20010af0        0x4 C:/ST/STM32CubeIDE_1.19.0/STM32CubeIDE/plugins/com.st.stm32cube.ide.mcu.externaltools.gnu-tools-for-stm32.13.3.rel1.win32_1.0.0.202411081344/tools/bin/../lib/gcc/arm-none-eabi/13.3.1/../../../../arm-none-eabi/lib/thumb/v7e-m+fp/hard\libc_nano.a(libc_a-mallocr.o)