../Core/Src/freertos.c:263:6:convertirUnificadoAAvCa	24	static
../Core/Src/freertos.c:269:10:convertirAvCaAUnificado	32	static
../Core/Src/freertos.c:277:6:floatToStr	40	static
../Core/Src/freertos.c:285:5:calcularDistancia	24	static
../Core/Src/freertos.c:290:6:enviarPorUART	24	static
../Core/Src/freertos.c:296:9:buscarPedido	24	static
../Core/Src/freertos.c:306:10:getPuntoAccesoRestaurante	32	static
../Core/Src/freertos.c:321:10:getPuntoAccesoCasa	32	static
../Core/Src/freertos.c:336:10:obtenerDestinoActual	32	static
../Core/Src/freertos.c:356:5:calcularDesvioRuta	64	static
../Core/Src/freertos.c:382:7:calcularScoreCompleto	56	static
../Core/Src/freertos.c:415:5:verificarConfirmacion	32	static
../Core/Src/freertos.c:442:5:heuristica	24	static
../Core/Src/freertos.c:447:10:calcularSiguientePasoAStar	8160	static
../Core/Src/freertos.c:550:6:crearMapaUnificado	32	static
../Core/Src/freertos.c:573:6:actualizarPosicionesAlMapaUnificado	48	static
../Core/Src/freertos.c:599:6:limpiarSistemaCompleto	40	static
../Core/Src/freertos.c:664:6:regenerarMapa	48	static
../Core/Src/freertos.c:725:6:inicializarSistema	112	static
../Core/Src/freertos.c:885:6:enviarMapaCompleto	104	static
../Core/Src/freertos.c:940:6:enviarMapaCombinado	280	static
../Core/Src/freertos.c:959:6:enviarEventoPedido	320	static
../Core/Src/freertos.c:987:6:enviarMetricasPedido	400	static
../Core/Src/freertos.c:1043:6:enviarEstadisticas	568	static
../Core/Src/freertos.c:1077:6:quickSort	48	static
../Core/Src/freertos.c:1102:7:calcularPercentil	32	static
../Core/Src/freertos.c:1119:6:calcularMetricasGlobales	440	static
../Core/Src/freertos.c:1172:6:crearRuta	48	static
../Core/Src/freertos.c:1184:6:moverRepartidor	104	static
../Core/Src/freertos.c:1345:6:asignarPedidoARepartidor	320	static
../Core/Src/freertos.c:1600:6:procesarPedidosRestaurante	80	static
../Core/Src/freertos.c:1672:6:crearPedidoAleatorio	216	static
../Core/Src/freertos.c:1748:6:solicitarPedidoAutomaticoAWeb	96	static
../Core/Src/freertos.c:1776:6:MX_FREERTOS_Init	200	static
../Core/Src/freertos.c:1856:6:StartTaskAsignador	40	static
../Core/Src/freertos.c:1888:6:StartTaskRestaurantes	64	static
../Core/Src/freertos.c:1968:6:notificarEstadoRestaurante	40	static
../Core/Src/freertos.c:1984:6:StartTaskTx	48	static
../Core/Src/freertos.c:2036:6:enviarMetricasGlobales	688	static
../Core/Src/freertos.c:2088:6:cancelarPedido	104	static
../Core/Src/freertos.c:2271:6:procesarCancelacionWeb	16	static
../Core/Src/freertos.c:2280:6:StartTaskRx	848	static
../Core/Src/freertos.c:2545:6:StartTaskRepartidores	88	static
../Core/Src/freertos.c:2626:6:HAL_UART_RxCpltCallback	24	static,ignoring_inline_asm
../Core/Src/freertos.c:2639:6:EXTI15_10_IRQHandler	24	static,ignoring_inline_asm
../Core/Src/freertos.c:2661:6:vApplicationMallocFailedHook	16	static,ignoring_inline_asm
../Core/Src/freertos.c:2669:6:vApplicationStackOverflowHook	24	static,ignoring_inline_asm
